Archive member included to satisfy reference by file (symbol)

/usr/share/arm-gnu-toolchain-11.3.rel1-x86_64-arm-none-eabi/bin/../lib/gcc/arm-none-eabi/11.3.1/../../../../arm-none-eabi/lib/thumb/v7e-m+fp/hard/libc_nano.a(libc_a-exit.o)
                              /usr/share/arm-gnu-toolchain-11.3.rel1-x86_64-arm-none-eabi/bin/../lib/gcc/arm-none-eabi/11.3.1/../../../../arm-none-eabi/lib/thumb/v7e-m+fp/hard/crt0.o (exit)
/usr/share/arm-gnu-toolchain-11.3.rel1-x86_64-arm-none-eabi/bin/../lib/gcc/arm-none-eabi/11.3.1/../../../../arm-none-eabi/lib/thumb/v7e-m+fp/hard/libc_nano.a(libc_a-init.o)
                              /usr/share/arm-gnu-toolchain-11.3.rel1-x86_64-arm-none-eabi/bin/../lib/gcc/arm-none-eabi/11.3.1/../../../../arm-none-eabi/lib/thumb/v7e-m+fp/hard/crt0.o (__libc_init_array)
/usr/share/arm-gnu-toolchain-11.3.rel1-x86_64-arm-none-eabi/bin/../lib/gcc/arm-none-eabi/11.3.1/../../../../arm-none-eabi/lib/thumb/v7e-m+fp/hard/libc_nano.a(libc_a-memcpy-stub.o)
                              build/queue.o (memcpy)
/usr/share/arm-gnu-toolchain-11.3.rel1-x86_64-arm-none-eabi/bin/../lib/gcc/arm-none-eabi/11.3.1/../../../../arm-none-eabi/lib/thumb/v7e-m+fp/hard/libc_nano.a(libc_a-findfp.o)
                              /usr/share/arm-gnu-toolchain-11.3.rel1-x86_64-arm-none-eabi/bin/../lib/gcc/arm-none-eabi/11.3.1/../../../../arm-none-eabi/lib/thumb/v7e-m+fp/hard/libc_nano.a(libc_a-exit.o) (__stdio_exit_handler)
/usr/share/arm-gnu-toolchain-11.3.rel1-x86_64-arm-none-eabi/bin/../lib/gcc/arm-none-eabi/11.3.1/../../../../arm-none-eabi/lib/thumb/v7e-m+fp/hard/libc_nano.a(libc_a-stdio.o)
                              /usr/share/arm-gnu-toolchain-11.3.rel1-x86_64-arm-none-eabi/bin/../lib/gcc/arm-none-eabi/11.3.1/../../../../arm-none-eabi/lib/thumb/v7e-m+fp/hard/libc_nano.a(libc_a-findfp.o) (__sread)
/usr/share/arm-gnu-toolchain-11.3.rel1-x86_64-arm-none-eabi/bin/../lib/gcc/arm-none-eabi/11.3.1/../../../../arm-none-eabi/lib/thumb/v7e-m+fp/hard/libc_nano.a(libc_a-writer.o)
                              /usr/share/arm-gnu-toolchain-11.3.rel1-x86_64-arm-none-eabi/bin/../lib/gcc/arm-none-eabi/11.3.1/../../../../arm-none-eabi/lib/thumb/v7e-m+fp/hard/libc_nano.a(libc_a-stdio.o) (_write_r)
/usr/share/arm-gnu-toolchain-11.3.rel1-x86_64-arm-none-eabi/bin/../lib/gcc/arm-none-eabi/11.3.1/../../../../arm-none-eabi/lib/thumb/v7e-m+fp/hard/libc_nano.a(libc_a-fwalk.o)
                              /usr/share/arm-gnu-toolchain-11.3.rel1-x86_64-arm-none-eabi/bin/../lib/gcc/arm-none-eabi/11.3.1/../../../../arm-none-eabi/lib/thumb/v7e-m+fp/hard/libc_nano.a(libc_a-findfp.o) (_fwalk_sglue)
/usr/share/arm-gnu-toolchain-11.3.rel1-x86_64-arm-none-eabi/bin/../lib/gcc/arm-none-eabi/11.3.1/../../../../arm-none-eabi/lib/thumb/v7e-m+fp/hard/libc_nano.a(libc_a-memset.o)
                              /usr/share/arm-gnu-toolchain-11.3.rel1-x86_64-arm-none-eabi/bin/../lib/gcc/arm-none-eabi/11.3.1/../../../../arm-none-eabi/lib/thumb/v7e-m+fp/hard/crt0.o (memset)
/usr/share/arm-gnu-toolchain-11.3.rel1-x86_64-arm-none-eabi/bin/../lib/gcc/arm-none-eabi/11.3.1/../../../../arm-none-eabi/lib/thumb/v7e-m+fp/hard/libc_nano.a(libc_a-lock.o)
                              /usr/share/arm-gnu-toolchain-11.3.rel1-x86_64-arm-none-eabi/bin/../lib/gcc/arm-none-eabi/11.3.1/../../../../arm-none-eabi/lib/thumb/v7e-m+fp/hard/libc_nano.a(libc_a-findfp.o) (__retarget_lock_init_recursive)
/usr/share/arm-gnu-toolchain-11.3.rel1-x86_64-arm-none-eabi/bin/../lib/gcc/arm-none-eabi/11.3.1/../../../../arm-none-eabi/lib/thumb/v7e-m+fp/hard/libc_nano.a(libc_a-closer.o)
                              /usr/share/arm-gnu-toolchain-11.3.rel1-x86_64-arm-none-eabi/bin/../lib/gcc/arm-none-eabi/11.3.1/../../../../arm-none-eabi/lib/thumb/v7e-m+fp/hard/libc_nano.a(libc_a-stdio.o) (_close_r)
/usr/share/arm-gnu-toolchain-11.3.rel1-x86_64-arm-none-eabi/bin/../lib/gcc/arm-none-eabi/11.3.1/../../../../arm-none-eabi/lib/thumb/v7e-m+fp/hard/libc_nano.a(libc_a-reent.o)
                              /usr/share/arm-gnu-toolchain-11.3.rel1-x86_64-arm-none-eabi/bin/../lib/gcc/arm-none-eabi/11.3.1/../../../../arm-none-eabi/lib/thumb/v7e-m+fp/hard/libc_nano.a(libc_a-writer.o) (errno)
/usr/share/arm-gnu-toolchain-11.3.rel1-x86_64-arm-none-eabi/bin/../lib/gcc/arm-none-eabi/11.3.1/../../../../arm-none-eabi/lib/thumb/v7e-m+fp/hard/libc_nano.a(libc_a-impure.o)
                              /usr/share/arm-gnu-toolchain-11.3.rel1-x86_64-arm-none-eabi/bin/../lib/gcc/arm-none-eabi/11.3.1/../../../../arm-none-eabi/lib/thumb/v7e-m+fp/hard/libc_nano.a(libc_a-reent.o) (_impure_ptr)
/usr/share/arm-gnu-toolchain-11.3.rel1-x86_64-arm-none-eabi/bin/../lib/gcc/arm-none-eabi/11.3.1/../../../../arm-none-eabi/lib/thumb/v7e-m+fp/hard/libc_nano.a(libc_a-fflush.o)
                              /usr/share/arm-gnu-toolchain-11.3.rel1-x86_64-arm-none-eabi/bin/../lib/gcc/arm-none-eabi/11.3.1/../../../../arm-none-eabi/lib/thumb/v7e-m+fp/hard/libc_nano.a(libc_a-findfp.o) (_fflush_r)
[...]
Memory Configuration

Name             Origin             Length             Attributes
RAM              0x0000000020000000 0x0000000000010000 xrw
RAM2             0x0000000010000000 0x0000000000004000 xrw
FLASH            0x0000000008000000 0x0000000000020000 xr
*default*        0x0000000000000000 0xffffffffffffffff

Linker script and memory map

LOAD /usr/share/arm-gnu-toolchain-11.3.rel1-x86_64-arm-none-eabi/bin/../lib/gcc/arm-none-eabi/11.3.1/thumb/v7e-m+fp/hard/crti.o
LOAD /usr/share/arm-gnu-toolchain-11.3.rel1-x86_64-arm-none-eabi/bin/../lib/gcc/arm-none-eabi/11.3.1/thumb/v7e-m+fp/hard/crtbegin.o
LOAD /usr/share/arm-gnu-toolchain-11.3.rel1-x86_64-arm-none-eabi/bin/../lib/gcc/arm-none-eabi/11.3.1/../../../../arm-none-eabi/lib/thumb/v7e-m+fp/hard/crt0.o
LOAD build/gpio.o
LOAD build/stm32l4xx_it.o
LOAD build/stm32l4xx_hal_msp.o
LOAD build/stm32l4xx_hal_tim.o
LOAD build/stm32l4xx_hal_tim_ex.o
LOAD build/stm32l4xx_hal.o
LOAD build/stm32l4xx_hal_rcc.o
LOAD build/stm32l4xx_hal_rcc_ex.o
LOAD build/stm32l4xx_hal_flash.o
LOAD build/stm32l4xx_hal_flash_ex.o
LOAD build/stm32l4xx_hal_flash_ramfunc.o
LOAD build/stm32l4xx_hal_gpio.o
LOAD build/stm32l4xx_hal_dma.o
LOAD build/stm32l4xx_hal_dma_ex.o
LOAD build/stm32l4xx_hal_pwr.o
LOAD build/stm32l4xx_hal_pwr_ex.o
LOAD build/stm32l4xx_hal_cortex.o
LOAD build/stm32l4xx_hal_exti.o
LOAD build/stm32l4xx_hal_usart.o
LOAD build/stm32l4xx_hal_uart.o
LOAD build/stm32l4xx_hal_spi.o
LOAD build/system_stm32l4xx.o
LOAD build/can.o
LOAD build/stm32l4xx_hal_can.o
LOAD build/freertos.o
LOAD build/stm32l4xx_hal_timebase_tim.o
LOAD build/croutine.o
LOAD build/event_groups.o
LOAD build/list.o
LOAD build/queue.o
LOAD build/stream_buffer.o
LOAD build/tasks.o
LOAD build/timers.o
LOAD build/cmsis_os2.o
LOAD build/heap_4.o
LOAD build/port.o
LOAD build/main.o
LOAD build/startup_stm32l431xx.o
LOAD /usr/share/arm-gnu-toolchain-11.3.rel1-x86_64-arm-none-eabi/bin/../lib/gcc/arm-none-eabi/11.3.1/../../../../arm-none-eabi/lib/thumb/v7e-m+fp/hard/libc_nano.a
LOAD /usr/share/arm-gnu-toolchain-11.3.rel1-x86_64-arm-none-eabi/bin/../lib/gcc/arm-none-eabi/11.3.1/../../../../arm-none-eabi/lib/thumb/v7e-m+fp/hard/libm.a
LOAD /usr/share/arm-gnu-toolchain-11.3.rel1-x86_64-arm-none-eabi/bin/../lib/gcc/arm-none-eabi/11.3.1/../../../../arm-none-eabi/lib/thumb/v7e-m+fp/hard/libnosys.a
START GROUP
LOAD /usr/share/arm-gnu-toolchain-11.3.rel1-x86_64-arm-none-eabi/bin/../lib/gcc/arm-none-eabi/11.3.1/thumb/v7e-m+fp/hard/libgcc.a
LOAD /usr/share/arm-gnu-toolchain-11.3.rel1-x86_64-arm-none-eabi/bin/../lib/gcc/arm-none-eabi/11.3.1/../../../../arm-none-eabi/lib/thumb/v7e-m+fp/hard/libc_nano.a
END GROUP
START GROUP
LOAD /usr/share/arm-gnu-toolchain-11.3.rel1-x86_64-arm-none-eabi/bin/../lib/gcc/arm-none-eabi/11.3.1/thumb/v7e-m+fp/hard/libgcc.a
LOAD /usr/share/arm-gnu-toolchain-11.3.rel1-x86_64-arm-none-eabi/bin/../lib/gcc/arm-none-eabi/11.3.1/../../../../arm-none-eabi/lib/thumb/v7e-m+fp/hard/libc_nano.a
END GROUP
LOAD /usr/share/arm-gnu-toolchain-11.3.rel1-x86_64-arm-none-eabi/bin/../lib/gcc/arm-none-eabi/11.3.1/thumb/v7e-m+fp/hard/crtend.o
LOAD /usr/share/arm-gnu-toolchain-11.3.rel1-x86_64-arm-none-eabi/bin/../lib/gcc/arm-none-eabi/11.3.1/thumb/v7e-m+fp/hard/crtn.o
                0x0000000020010000                _estack = (ORIGIN (RAM) + LENGTH (RAM))
                0x0000000000000200                _Min_Heap_Size = 0x200
                0x0000000000000400                _Min_Stack_Size = 0x400

.isr_vector     0x0000000008000000      0x190
                0x0000000008000000                . = ALIGN (0x8)
 *(.isr_vector)
 .isr_vector    0x0000000008000000      0x18c build/startup_stm32l431xx.o
                0x0000000008000000                g_pfnVectors
                0x0000000008000190                . = ALIGN (0x8)
 *fill*         0x000000000800018c        0x4 

.text           0x0000000008000190     0x3340
                0x0000000008000190                . = ALIGN (0x8)
 *(.text)
 *(.text*)
 .text.deregister_tm_clones
                0x0000000008000190       0x1c /usr/share/arm-gnu-toolchain-11.3.rel1-x86_64-arm-none-eabi/bin/../lib/gcc/arm-none-eabi/11.3.1/thumb/v7e-m+fp/hard/crtbegin.o
 .text.register_tm_clones
                0x00000000080001ac       0x24 /usr/share/arm-gnu-toolchain-11.3.rel1-x86_64-arm-none-eabi/bin/../lib/gcc/arm-none-eabi/11.3.1/thumb/v7e-m+fp/hard/crtbegin.o
 .text.__do_global_dtors_aux
                0x00000000080001d0       0x28 /usr/share/arm-gnu-toolchain-11.3.rel1-x86_64-arm-none-eabi/bin/../lib/gcc/arm-none-eabi/11.3.1/thumb/v7e-m+fp/hard/crtbegin.o
 .text.frame_dummy
                0x00000000080001f8       0x24 /usr/share/arm-gnu-toolchain-11.3.rel1-x86_64-arm-none-eabi/bin/../lib/gcc/arm-none-eabi/11.3.1/thumb/v7e-m+fp/hard/crtbegin.o
 .text.MX_GPIO_Init
                0x000000000800021c      0x158 build/gpio.o
                0x000000000800021c                MX_GPIO_Init
 .text.NMI_Handler
                0x0000000008000374        0x2 build/stm32l4xx_it.o
                0x0000000008000374                NMI_Handler
 .text.HardFault_Handler
                0x0000000008000376        0x2 build/stm32l4xx_it.o
                0x0000000008000376                HardFault_Handler
 .text.MemManage_Handler
                0x0000000008000378        0x2 build/stm32l4xx_it.o
                0x0000000008000378                MemManage_Handler
 .text.BusFault_Handler
                0x000000000800037a        0x2 build/stm32l4xx_it.o
                0x000000000800037a                BusFault_Handler
 .text.UsageFault_Handler
                0x000000000800037c        0x2 build/stm32l4xx_it.o
                0x000000000800037c                UsageFault_Handler
 .text.DebugMon_Handler
                0x000000000800037e        0x2 build/stm32l4xx_it.o
                0x000000000800037e                DebugMon_Handler
 .text.TIM1_UP_TIM16_IRQHandler
                0x0000000008000380       0x10 build/stm32l4xx_it.o
                0x0000000008000380                TIM1_UP_TIM16_IRQHandler
 .text.HAL_MspInit
                0x0000000008000390       0x40 build/stm32l4xx_hal_msp.o
                0x0000000008000390                HAL_MspInit
 .text.HAL_TIM_Base_MspInit
                0x00000000080003d0        0x2 build/stm32l4xx_hal_tim.o
                0x00000000080003d0                HAL_TIM_Base_MspInit
 *fill*         0x00000000080003d2        0x2 
 .text.HAL_TIM_Base_Start_IT
                0x00000000080003d4       0x6c build/stm32l4xx_hal_tim.o
                0x00000000080003d4                HAL_TIM_Base_Start_IT
 .text.HAL_TIM_OC_DelayElapsedCallback
                0x0000000008000440        0x2 build/stm32l4xx_hal_tim.o
                0x0000000008000440                HAL_TIM_OC_DelayElapsedCallback
 .text.HAL_TIM_IC_CaptureCallback
                0x0000000008000442        0x2 build/stm32l4xx_hal_tim.o
                0x0000000008000442                HAL_TIM_IC_CaptureCallback
 .text.HAL_TIM_PWM_PulseFinishedCallback
                0x0000000008000444        0x2 build/stm32l4xx_hal_tim.o
                0x0000000008000444                HAL_TIM_PWM_PulseFinishedCallback
 .text.HAL_TIM_TriggerCallback
                0x0000000008000446        0x2 build/stm32l4xx_hal_tim.o
                0x0000000008000446                HAL_TIM_TriggerCallback
 .text.HAL_TIM_IRQHandler
                0x0000000008000448      0x17a build/stm32l4xx_hal_tim.o
                0x0000000008000448                HAL_TIM_IRQHandler
 *fill*         0x00000000080005c2        0x2 
 .text.TIM_Base_SetConfig
                0x00000000080005c4       0x70 build/stm32l4xx_hal_tim.o
                0x00000000080005c4                TIM_Base_SetConfig
 .text.HAL_TIM_Base_Init
                0x0000000008000634       0x60 build/stm32l4xx_hal_tim.o
                0x0000000008000634                HAL_TIM_Base_Init
 .text.HAL_TIMEx_CommutCallback
                0x0000000008000694        0x2 build/stm32l4xx_hal_tim_ex.o
                0x0000000008000694                HAL_TIMEx_CommutCallback
 .text.HAL_TIMEx_BreakCallback
                0x0000000008000696        0x2 build/stm32l4xx_hal_tim_ex.o
                0x0000000008000696                HAL_TIMEx_BreakCallback
 .text.HAL_TIMEx_Break2Callback
                0x0000000008000698        0x2 build/stm32l4xx_hal_tim_ex.o
                0x0000000008000698                HAL_TIMEx_Break2Callback
 .text.HAL_Init
                0x000000000800069a       0x1e build/stm32l4xx_hal.o
                0x000000000800069a                HAL_Init
 .text.HAL_IncTick
                0x00000000080006b8       0x18 build/stm32l4xx_hal.o
                0x00000000080006b8                HAL_IncTick
 .text.HAL_GetTick
                0x00000000080006d0        0xc build/stm32l4xx_hal.o
                0x00000000080006d0                HAL_GetTick
 .text.RCC_SetFlashLatencyFromMSIRange
                0x00000000080006dc       0x90 build/stm32l4xx_hal_rcc.o
 .text.HAL_RCC_GetSysClockFreq
                0x000000000800076c       0xb4 build/stm32l4xx_hal_rcc.o
                0x000000000800076c                HAL_RCC_GetSysClockFreq
 .text.HAL_RCC_OscConfig
                0x0000000008000820      0x66c build/stm32l4xx_hal_rcc.o
                0x0000000008000820                HAL_RCC_OscConfig
 .text.HAL_RCC_ClockConfig
                0x0000000008000e8c      0x188 build/stm32l4xx_hal_rcc.o
                0x0000000008000e8c                HAL_RCC_ClockConfig
 .text.HAL_RCC_GetHCLKFreq
                0x0000000008001014        0xc build/stm32l4xx_hal_rcc.o
                0x0000000008001014                HAL_RCC_GetHCLKFreq
 .text.HAL_RCC_GetPCLK2Freq
                0x0000000008001020       0x24 build/stm32l4xx_hal_rcc.o
                0x0000000008001020                HAL_RCC_GetPCLK2Freq
 .text.HAL_RCC_GetClockConfig
                0x0000000008001044       0x3c build/stm32l4xx_hal_rcc.o
                0x0000000008001044                HAL_RCC_GetClockConfig
 .text.HAL_RCCEx_EnableMSIPLLMode
                0x0000000008001080       0x10 build/stm32l4xx_hal_rcc_ex.o
                0x0000000008001080                HAL_RCCEx_EnableMSIPLLMode
 .text.HAL_GPIO_Init
                0x0000000008001090      0x1c8 build/stm32l4xx_hal_gpio.o
                0x0000000008001090                HAL_GPIO_Init
 .text.HAL_GPIO_WritePin
                0x0000000008001258        0xa build/stm32l4xx_hal_gpio.o
                0x0000000008001258                HAL_GPIO_WritePin
 *fill*         0x0000000008001262        0x2 
 .text.HAL_PWR_EnableBkUpAccess
                0x0000000008001264       0x10 build/stm32l4xx_hal_pwr.o
                0x0000000008001264                HAL_PWR_EnableBkUpAccess
 .text.HAL_PWREx_GetVoltageRange
                0x0000000008001274       0x10 build/stm32l4xx_hal_pwr_ex.o
                0x0000000008001274                HAL_PWREx_GetVoltageRange
 .text.HAL_PWREx_ControlVoltageScaling
                0x0000000008001284       0x90 build/stm32l4xx_hal_pwr_ex.o
                0x0000000008001284                HAL_PWREx_ControlVoltageScaling
 .text.HAL_NVIC_SetPriorityGrouping
                0x0000000008001314       0x24 build/stm32l4xx_hal_cortex.o
                0x0000000008001314                HAL_NVIC_SetPriorityGrouping
 .text.HAL_NVIC_SetPriority
                0x0000000008001338       0x70 build/stm32l4xx_hal_cortex.o
                0x0000000008001338                HAL_NVIC_SetPriority
 .text.HAL_NVIC_EnableIRQ
                0x00000000080013a8       0x1c build/stm32l4xx_hal_cortex.o
                0x00000000080013a8                HAL_NVIC_EnableIRQ
 .text.SystemInit
                0x00000000080013c4       0x14 build/system_stm32l4xx.o
                0x00000000080013c4                SystemInit
 .text.MX_CAN1_Init
                0x00000000080013d8       0x38 build/can.o
                0x00000000080013d8                MX_CAN1_Init
 .text.HAL_CAN_MspInit
                0x0000000008001410       0x6c build/can.o
                0x0000000008001410                HAL_CAN_MspInit
 .text.HAL_CAN_Init
                0x000000000800147c      0x14c build/stm32l4xx_hal_can.o
                0x000000000800147c                HAL_CAN_Init
 .text.StartDefaultTask
                0x00000000080015c8        0xa build/freertos.o
                0x00000000080015c8                StartDefaultTask
 *fill*         0x00000000080015d2        0x2 
 .text.MX_FREERTOS_Init
                0x00000000080015d4       0x20 build/freertos.o
                0x00000000080015d4                MX_FREERTOS_Init
 .text.HAL_InitTick
                0x00000000080015f4       0x94 build/stm32l4xx_hal_timebase_tim.o
                0x00000000080015f4                HAL_InitTick
 .text.vListInitialise
                0x0000000008001688       0x16 build/list.o
                0x0000000008001688                vListInitialise
 .text.vListInitialiseItem
                0x000000000800169e        0x6 build/list.o
                0x000000000800169e                vListInitialiseItem
 .text.vListInsertEnd
                0x00000000080016a4       0x16 build/list.o
                0x00000000080016a4                vListInsertEnd
 .text.vListInsert
                0x00000000080016ba       0x32 build/list.o
                0x00000000080016ba                vListInsert
 .text.uxListRemove
                0x00000000080016ec       0x26 build/list.o
                0x00000000080016ec                uxListRemove
 .text.prvIsQueueFull
                0x0000000008001712       0x1e build/queue.o
 .text.prvIsQueueEmpty
                0x0000000008001730       0x1a build/queue.o
 .text.prvCopyDataToQueue
                0x000000000800174a       0x76 build/queue.o
 .text.prvCopyDataFromQueue
                0x00000000080017c0       0x24 build/queue.o
 .text.prvUnlockQueue
                0x00000000080017e4       0x6e build/queue.o
 .text.xQueueGenericReset
                0x0000000008001852       0x84 build/queue.o
                0x0000000008001852                xQueueGenericReset
 .text.prvInitialiseNewQueue
                0x00000000080018d6       0x22 build/queue.o
 .text.xQueueGenericCreateStatic
                0x00000000080018f8       0x94 build/queue.o
                0x00000000080018f8                xQueueGenericCreateStatic
 .text.xQueueGenericSend
                0x000000000800198c      0x188 build/queue.o
                0x000000000800198c                xQueueGenericSend
 .text.xQueueGenericSendFromISR
                0x0000000008001b14       0xce build/queue.o
                0x0000000008001b14                xQueueGenericSendFromISR
 .text.xQueueReceive
                0x0000000008001be2      0x15e build/queue.o
                0x0000000008001be2                xQueueReceive
 .text.vQueueAddToRegistry
                0x0000000008001d40       0x28 build/queue.o
                0x0000000008001d40                vQueueAddToRegistry
 .text.vQueueWaitForMessageRestricted
                0x0000000008001d68       0x52 build/queue.o
                0x0000000008001d68                vQueueWaitForMessageRestricted
 *fill*         0x0000000008001dba        0x2 
 .text.prvResetNextTaskUnblockTime
                0x0000000008001dbc       0x2c build/tasks.o
 .text.prvInitialiseNewTask
                0x0000000008001de8       0xa2 build/tasks.o
 *fill*         0x0000000008001e8a        0x2 
 .text.prvInitialiseTaskLists
                0x0000000008001e8c       0x68 build/tasks.o
 .text.prvAddNewTaskToReadyList
                0x0000000008001ef4       0xac build/tasks.o
 .text.prvDeleteTCB
                0x0000000008001fa0       0x38 build/tasks.o
 .text.prvCheckTasksWaitingTermination
                0x0000000008001fd8       0x4c build/tasks.o
 .text.prvIdleTask
                0x0000000008002024       0x28 build/tasks.o
 .text.prvAddCurrentTaskToDelayedList
                0x000000000800204c       0x7c build/tasks.o
 .text.xTaskCreateStatic
                0x00000000080020c8       0x76 build/tasks.o
                0x00000000080020c8                xTaskCreateStatic
 .text.xTaskCreate
                0x000000000800213e       0x68 build/tasks.o
                0x000000000800213e                xTaskCreate
 *fill*         0x00000000080021a6        0x2 
 .text.vTaskStartScheduler
                0x00000000080021a8       0x9c build/tasks.o
                0x00000000080021a8                vTaskStartScheduler
 .text.vTaskSuspendAll
                0x0000000008002244       0x10 build/tasks.o
                0x0000000008002244                vTaskSuspendAll
 .text.xTaskGetTickCount
                0x0000000008002254        0xc build/tasks.o
                0x0000000008002254                xTaskGetTickCount
 .text.xTaskIncrementTick
                0x0000000008002260      0x118 build/tasks.o
                0x0000000008002260                xTaskIncrementTick
 .text.xTaskResumeAll
                0x0000000008002378       0xf8 build/tasks.o
                0x0000000008002378                xTaskResumeAll
 .text.vTaskDelay
                0x0000000008002470       0x4c build/tasks.o
                0x0000000008002470                vTaskDelay
 .text.vTaskSwitchContext
                0x00000000080024bc       0x94 build/tasks.o
                0x00000000080024bc                vTaskSwitchContext
 .text.vTaskPlaceOnEventList
                0x0000000008002550       0x30 build/tasks.o
                0x0000000008002550                vTaskPlaceOnEventList
 .text.vTaskPlaceOnEventListRestricted
                0x0000000008002580       0x38 build/tasks.o
                0x0000000008002580                vTaskPlaceOnEventListRestricted
 .text.xTaskRemoveFromEventList
                0x00000000080025b8       0x8c build/tasks.o
                0x00000000080025b8                xTaskRemoveFromEventList
 .text.vTaskInternalSetTimeOutState
                0x0000000008002644       0x18 build/tasks.o
                0x0000000008002644                vTaskInternalSetTimeOutState
 .text.xTaskCheckForTimeOut
                0x000000000800265c       0x84 build/tasks.o
                0x000000000800265c                xTaskCheckForTimeOut
 .text.vTaskMissedYield
                0x00000000080026e0        0xc build/tasks.o
                0x00000000080026e0                vTaskMissedYield
 .text.xTaskGetSchedulerState
                0x00000000080026ec       0x20 build/tasks.o
                0x00000000080026ec                xTaskGetSchedulerState
 .text.xTaskPriorityDisinherit
                0x000000000800270c       0x90 build/tasks.o
                0x000000000800270c                xTaskPriorityDisinherit
 .text.prvGetNextExpireTime
                0x000000000800279c       0x20 build/timers.o
 .text.prvInsertTimerInActiveList
                0x00000000080027bc       0x48 build/timers.o
 .text.prvCheckForValidListAndQueue
                0x0000000008002804       0x70 build/timers.o
 .text.xTimerCreateTimerTask
                0x0000000008002874       0x64 build/timers.o
                0x0000000008002874                xTimerCreateTimerTask
 .text.xTimerGenericCommand
                0x00000000080028d8       0x6c build/timers.o
                0x00000000080028d8                xTimerGenericCommand
 .text.prvSwitchTimerLists
                0x0000000008002944       0x7c build/timers.o
 .text.prvSampleTimeNow
                0x00000000080029c0       0x2c build/timers.o
 .text.prvProcessExpiredTimer
                0x00000000080029ec       0x6c build/timers.o
 .text.prvProcessTimerOrBlockTask
                0x0000000008002a58       0x74 build/timers.o
 .text.prvProcessReceivedCommands
                0x0000000008002acc      0x10c build/timers.o
 .text.prvTimerTask
                0x0000000008002bd8       0x16 build/timers.o
 .text.SysTick_Handler
                0x0000000008002bee       0x18 build/cmsis_os2.o
                0x0000000008002bee                SysTick_Handler
 *fill*         0x0000000008002c06        0x2 
 .text.osKernelInitialize
                0x0000000008002c08       0x24 build/cmsis_os2.o
                0x0000000008002c08                osKernelInitialize
 .text.osKernelStart
                0x0000000008002c2c       0x38 build/cmsis_os2.o
                0x0000000008002c2c                osKernelStart
 .text.osThreadNew
                0x0000000008002c64       0xbc build/cmsis_os2.o
                0x0000000008002c64                osThreadNew
 .text.osDelay  0x0000000008002d20       0x1c build/cmsis_os2.o
                0x0000000008002d20                osDelay
 .text.vApplicationGetIdleTaskMemory
                0x0000000008002d3c       0x18 build/cmsis_os2.o
                0x0000000008002d3c                vApplicationGetIdleTaskMemory
 .text.vApplicationGetTimerTaskMemory
                0x0000000008002d54       0x18 build/cmsis_os2.o
                0x0000000008002d54                vApplicationGetTimerTaskMemory
 .text.prvHeapInit
                0x0000000008002d6c       0x68 build/heap_4.o
 .text.prvInsertBlockIntoFreeList
                0x0000000008002dd4       0x64 build/heap_4.o
 .text.pvPortMalloc
                0x0000000008002e38       0xfc build/heap_4.o
                0x0000000008002e38                pvPortMalloc
 .text.vPortFree
                0x0000000008002f34       0x7c build/heap_4.o
                0x0000000008002f34                vPortFree
 .text.prvTaskExitError
                0x0000000008002fb0       0x40 build/port.o
 .text.prvPortStartFirstTask
                0x0000000008002ff0       0x28 build/port.o
 .text.vPortEnableVFP
                0x0000000008003018       0x14 build/port.o
 .text.pxPortInitialiseStack
                0x000000000800302c       0x2c build/port.o
                0x000000000800302c                pxPortInitialiseStack
 *fill*         0x0000000008003058        0x8 
 .text.SVC_Handler
                0x0000000008003060       0x24 build/port.o
                0x0000000008003060                SVC_Handler
 .text.vPortEnterCritical
                0x0000000008003084       0x44 build/port.o
                0x0000000008003084                vPortEnterCritical
 .text.vPortExitCritical
                0x00000000080030c8       0x2c build/port.o
                0x00000000080030c8                vPortExitCritical
 *fill*         0x00000000080030f4        0xc 
 .text.PendSV_Handler
                0x0000000008003100       0x64 build/port.o
                0x0000000008003100                PendSV_Handler
 .text.xPortSysTickHandler
                0x0000000008003164       0x2c build/port.o
                0x0000000008003164                xPortSysTickHandler
 .text.vPortSetupTimerInterrupt
                0x0000000008003190       0x28 build/port.o
                0x0000000008003190                vPortSetupTimerInterrupt
 .text.xPortStartScheduler
                0x00000000080031b8      0x118 build/port.o
                0x00000000080031b8                xPortStartScheduler
 .text.vPortValidateInterruptPriority
                0x00000000080032d0       0x5c build/port.o
                0x00000000080032d0                vPortValidateInterruptPriority
 .text.HAL_TIM_PeriodElapsedCallback
                0x000000000800332c       0x18 build/main.o
                0x000000000800332c                HAL_TIM_PeriodElapsedCallback
 .text.Error_Handler
                0x0000000008003344        0x4 build/main.o
                0x0000000008003344                Error_Handler
 .text.SystemClock_Config
                0x0000000008003348       0x84 build/main.o
                0x0000000008003348                SystemClock_Config
 .text.main     0x00000000080033cc       0x20 build/main.o
                0x00000000080033cc                main
 .text.Reset_Handler
                0x00000000080033ec       0x50 build/startup_stm32l431xx.o
                0x00000000080033ec                Reset_Handler
 .text.Default_Handler
                0x000000000800343c        0x2 build/startup_stm32l431xx.o
                0x000000000800343c                RTC_Alarm_IRQHandler
                0x000000000800343c                EXTI2_IRQHandler
                0x000000000800343c                TIM1_CC_IRQHandler
                0x000000000800343c                TSC_IRQHandler
                0x000000000800343c                TAMP_STAMP_IRQHandler
                0x000000000800343c                EXTI3_IRQHandler
                0x000000000800343c                LPTIM2_IRQHandler
                0x000000000800343c                I2C3_ER_IRQHandler
                0x000000000800343c                EXTI0_IRQHandler
                0x000000000800343c                I2C2_EV_IRQHandler
                0x000000000800343c                CAN1_RX0_IRQHandler
                0x000000000800343c                FPU_IRQHandler
                0x000000000800343c                SPI1_IRQHandler
                0x000000000800343c                TIM6_DAC_IRQHandler
                0x000000000800343c                DMA2_Channel2_IRQHandler
                0x000000000800343c                DMA1_Channel4_IRQHandler
                0x000000000800343c                ADC1_IRQHandler
                0x000000000800343c                USART3_IRQHandler
                0x000000000800343c                DMA1_Channel7_IRQHandler
                0x000000000800343c                CAN1_RX1_IRQHandler
                0x000000000800343c                DMA2_Channel1_IRQHandler
                0x000000000800343c                QUADSPI_IRQHandler
                0x000000000800343c                I2C1_EV_IRQHandler
                0x000000000800343c                DMA1_Channel6_IRQHandler
                0x000000000800343c                DMA2_Channel4_IRQHandler
                0x000000000800343c                RCC_IRQHandler
                0x000000000800343c                TIM1_TRG_COM_IRQHandler
                0x000000000800343c                DMA1_Channel1_IRQHandler
                0x000000000800343c                Default_Handler
                0x000000000800343c                DMA2_Channel7_IRQHandler
                0x000000000800343c                EXTI15_10_IRQHandler
                0x000000000800343c                TIM7_IRQHandler
                0x000000000800343c                SDMMC1_IRQHandler
                0x000000000800343c                I2C3_EV_IRQHandler
                0x000000000800343c                EXTI9_5_IRQHandler
                0x000000000800343c                RTC_WKUP_IRQHandler
                0x000000000800343c                PVD_PVM_IRQHandler
                0x000000000800343c                SPI2_IRQHandler
                0x000000000800343c                CAN1_TX_IRQHandler
                0x000000000800343c                DMA2_Channel5_IRQHandler
                0x000000000800343c                CRS_IRQHandler
                0x000000000800343c                DMA1_Channel5_IRQHandler
                0x000000000800343c                EXTI4_IRQHandler
                0x000000000800343c                RNG_IRQHandler
                0x000000000800343c                DMA1_Channel3_IRQHandler
                0x000000000800343c                COMP_IRQHandler
                0x000000000800343c                WWDG_IRQHandler
                0x000000000800343c                LPUART1_IRQHandler
                0x000000000800343c                DMA2_Channel6_IRQHandler
                0x000000000800343c                TIM2_IRQHandler
                0x000000000800343c                EXTI1_IRQHandler
                0x000000000800343c                USART2_IRQHandler
                0x000000000800343c                I2C2_ER_IRQHandler
                0x000000000800343c                DMA1_Channel2_IRQHandler
                0x000000000800343c                CAN1_SCE_IRQHandler
                0x000000000800343c                FLASH_IRQHandler
                0x000000000800343c                USART1_IRQHandler
                0x000000000800343c                SPI3_IRQHandler
                0x000000000800343c                I2C1_ER_IRQHandler
                0x000000000800343c                SWPMI1_IRQHandler
                0x000000000800343c                LPTIM1_IRQHandler
                0x000000000800343c                SAI1_IRQHandler
                0x000000000800343c                DMA2_Channel3_IRQHandler
                0x000000000800343c                TIM1_BRK_TIM15_IRQHandler
 *fill*         0x000000000800343e        0x2 
 .text.__libc_init_array
                0x0000000008003440       0x48 /usr/share/arm-gnu-toolchain-11.3.rel1-x86_64-arm-none-eabi/bin/../lib/gcc/arm-none-eabi/11.3.1/../../../../arm-none-eabi/lib/thumb/v7e-m+fp/hard/libc_nano.a(libc_a-init.o)
                0x0000000008003440                __libc_init_array
 .text.memcpy   0x0000000008003488       0x1c /usr/share/arm-gnu-toolchain-11.3.rel1-x86_64-arm-none-eabi/bin/../lib/gcc/arm-none-eabi/11.3.1/../../../../arm-none-eabi/lib/thumb/v7e-m+fp/hard/libc_nano.a(libc_a-memcpy-stub.o)
                0x0000000008003488                memcpy
 .text.memset   0x00000000080034a4       0x10 /usr/share/arm-gnu-toolchain-11.3.rel1-x86_64-arm-none-eabi/bin/../lib/gcc/arm-none-eabi/11.3.1/../../../../arm-none-eabi/lib/thumb/v7e-m+fp/hard/libc_nano.a(libc_a-memset.o)
                0x00000000080034a4                memset
 *(.glue_7)
 .glue_7        0x00000000080034b4        0x0 linker stubs
 *(.glue_7t)
 .glue_7t       0x00000000080034b4        0x0 linker stubs
 *(.eh_frame)
 .eh_frame      0x00000000080034b4        0x0 /usr/share/arm-gnu-toolchain-11.3.rel1-x86_64-arm-none-eabi/bin/../lib/gcc/arm-none-eabi/11.3.1/thumb/v7e-m+fp/hard/crtbegin.o
 *(.init)
 .init          0x00000000080034b4        0x4 /usr/share/arm-gnu-toolchain-11.3.rel1-x86_64-arm-none-eabi/bin/../lib/gcc/arm-none-eabi/11.3.1/thumb/v7e-m+fp/hard/crti.o
                0x00000000080034b4                _init
 .init          0x00000000080034b8        0x8 /usr/share/arm-gnu-toolchain-11.3.rel1-x86_64-arm-none-eabi/bin/../lib/gcc/arm-none-eabi/11.3.1/thumb/v7e-m+fp/hard/crtn.o
 *(.fini)
 .fini          0x00000000080034c0        0x4 /usr/share/arm-gnu-toolchain-11.3.rel1-x86_64-arm-none-eabi/bin/../lib/gcc/arm-none-eabi/11.3.1/thumb/v7e-m+fp/hard/crti.o
                0x00000000080034c0                _fini
 .fini          0x00000000080034c4        0x8 /usr/share/arm-gnu-toolchain-11.3.rel1-x86_64-arm-none-eabi/bin/../lib/gcc/arm-none-eabi/11.3.1/thumb/v7e-m+fp/hard/crtn.o
                0x00000000080034d0                . = ALIGN (0x8)
 *fill*         0x00000000080034cc        0x4 
                0x00000000080034d0                _etext = .

.vfp11_veneer   0x00000000080034d0        0x0
 .vfp11_veneer  0x00000000080034d0        0x0 linker stubs

.v4_bx          0x00000000080034d0        0x0
 .v4_bx         0x00000000080034d0        0x0 linker stubs

.iplt           0x00000000080034d0        0x0
 .iplt          0x00000000080034d0        0x0 /usr/share/arm-gnu-toolchain-11.3.rel1-x86_64-arm-none-eabi/bin/../lib/gcc/arm-none-eabi/11.3.1/thumb/v7e-m+fp/hard/crtbegin.o

.rodata         0x00000000080034d0       0x90
                0x00000000080034d0                . = ALIGN (0x8)
 *(.rodata)
 *(.rodata*)
 .rodata.AHBPrescTable
                0x00000000080034d0       0x10 build/system_stm32l4xx.o
                0x00000000080034d0                AHBPrescTable
 .rodata.APBPrescTable
                0x00000000080034e0        0x8 build/system_stm32l4xx.o
                0x00000000080034e0                APBPrescTable
 .rodata.MSIRangeTable
                0x00000000080034e8       0x30 build/system_stm32l4xx.o
                0x00000000080034e8                MSIRangeTable
 .rodata.str1.4
                0x0000000008003518        0xc build/freertos.o
 .rodata.defaultTask_attributes
                0x0000000008003524       0x24 build/freertos.o
                0x0000000008003524                defaultTask_attributes
 .rodata.vTaskStartScheduler.str1.4
                0x0000000008003548        0x5 build/tasks.o
 *fill*         0x000000000800354d        0x3 
 .rodata.prvCheckForValidListAndQueue.str1.4
                0x0000000008003550        0x5 build/timers.o
 *fill*         0x0000000008003555        0x3 
 .rodata.xTimerCreateTimerTask.str1.4
                0x0000000008003558        0x8 build/timers.o
                0x0000000008003560                . = ALIGN (0x8)

.rel.dyn        0x0000000008003560        0x0
 .rel.iplt      0x0000000008003560        0x0 /usr/share/arm-gnu-toolchain-11.3.rel1-x86_64-arm-none-eabi/bin/../lib/gcc/arm-none-eabi/11.3.1/thumb/v7e-m+fp/hard/crtbegin.o

.ARM.extab      0x0000000008003560        0x0
                0x0000000008003560                . = ALIGN (0x8)
 *(.ARM.extab* .gnu.linkonce.armextab.*)
                0x0000000008003560                . = ALIGN (0x8)

.ARM            0x0000000008003560        0x0
                0x0000000008003560                . = ALIGN (0x8)
                0x0000000008003560                __exidx_start = .
 *(.ARM.exidx*)
                0x0000000008003560                __exidx_end = .
                0x0000000008003560                . = ALIGN (0x8)

.preinit_array  0x0000000008003560        0x0
                0x0000000008003560                . = ALIGN (0x8)
                0x0000000008003560                PROVIDE (__preinit_array_start = .)
 *(.preinit_array*)
                0x0000000008003560                PROVIDE (__preinit_array_end = .)
                0x0000000008003560                . = ALIGN (0x8)

.init_array     0x0000000008003560        0x8
                0x0000000008003560                . = ALIGN (0x8)
                0x0000000008003560                PROVIDE (__init_array_start = .)
 *(SORT_BY_NAME(.init_array.*))
 *(.init_array*)
 .init_array    0x0000000008003560        0x4 /usr/share/arm-gnu-toolchain-11.3.rel1-x86_64-arm-none-eabi/bin/../lib/gcc/arm-none-eabi/11.3.1/thumb/v7e-m+fp/hard/crtbegin.o
                0x0000000008003564                PROVIDE (__init_array_end = .)
                0x0000000008003568                . = ALIGN (0x8)
 *fill*         0x0000000008003564        0x4 

.fini_array     0x0000000008003568        0x8
                0x0000000008003568                . = ALIGN (0x8)
                [!provide]                        PROVIDE (__fini_array_start = .)
 *(SORT_BY_NAME(.fini_array.*))
 *(.fini_array*)
 .fini_array    0x0000000008003568        0x4 /usr/share/arm-gnu-toolchain-11.3.rel1-x86_64-arm-none-eabi/bin/../lib/gcc/arm-none-eabi/11.3.1/thumb/v7e-m+fp/hard/crtbegin.o
                [!provide]                        PROVIDE (__fini_array_end = .)
                0x0000000008003570                . = ALIGN (0x8)
 *fill*         0x000000000800356c        0x4 
                0x0000000008003570                _sidata = LOADADDR (.data)

.data           0x0000000020000000       0x10 load address 0x0000000008003570
                0x0000000020000000                . = ALIGN (0x8)
                0x0000000020000000                _sdata = .
 *(.data)
 *(.data*)
 .data.uwTickFreq
                0x0000000020000000        0x1 build/stm32l4xx_hal.o
                0x0000000020000000                uwTickFreq
 *fill*         0x0000000020000001        0x3 
 .data.uwTickPrio
                0x0000000020000004        0x4 build/stm32l4xx_hal.o
                0x0000000020000004                uwTickPrio
 .data.SystemCoreClock
                0x0000000020000008        0x4 build/system_stm32l4xx.o
                0x0000000020000008                SystemCoreClock
 .data.uxCriticalNesting
                0x000000002000000c        0x4 build/port.o
                0x0000000020000010                . = ALIGN (0x8)
                0x0000000020000010                _edata = .

.tm_clone_table
                0x0000000020000010        0x0 load address 0x0000000008003580
 .tm_clone_table
                0x0000000020000010        0x0 /usr/share/arm-gnu-toolchain-11.3.rel1-x86_64-arm-none-eabi/bin/../lib/gcc/arm-none-eabi/11.3.1/thumb/v7e-m+fp/hard/crtbegin.o
 .tm_clone_table
                0x0000000020000010        0x0 /usr/share/arm-gnu-toolchain-11.3.rel1-x86_64-arm-none-eabi/bin/../lib/gcc/arm-none-eabi/11.3.1/thumb/v7e-m+fp/hard/crtend.o

.igot.plt       0x0000000020000010        0x0 load address 0x0000000008003580
 .igot.plt      0x0000000020000010        0x0 /usr/share/arm-gnu-toolchain-11.3.rel1-x86_64-arm-none-eabi/bin/../lib/gcc/arm-none-eabi/11.3.1/thumb/v7e-m+fp/hard/crtbegin.o
                0x0000000020000010                . = ALIGN (0x4)

.bss            0x0000000020000010     0x19a0 load address 0x0000000008003580
                0x0000000020000010                _sbss = .
                0x0000000020000010                __bss_start__ = _sbss
 *(.bss)
 *(.bss*)
 .bss.completed.1
                0x0000000020000010        0x1 /usr/share/arm-gnu-toolchain-11.3.rel1-x86_64-arm-none-eabi/bin/../lib/gcc/arm-none-eabi/11.3.1/thumb/v7e-m+fp/hard/crtbegin.o
 *fill*         0x0000000020000011        0x3 
 .bss.object.0  0x0000000020000014       0x18 /usr/share/arm-gnu-toolchain-11.3.rel1-x86_64-arm-none-eabi/bin/../lib/gcc/arm-none-eabi/11.3.1/thumb/v7e-m+fp/hard/crtbegin.o
 .bss.uwTick    0x000000002000002c        0x4 build/stm32l4xx_hal.o
                0x000000002000002c                uwTick
 .bss.hcan1     0x0000000020000030       0x28 build/can.o
                0x0000000020000030                hcan1
 .bss.defaultTaskHandle
                0x0000000020000058        0x4 build/freertos.o
                0x0000000020000058                defaultTaskHandle
 .bss.htim1     0x000000002000005c       0x4c build/stm32l4xx_hal_timebase_tim.o
                0x000000002000005c                htim1
 .bss.xQueueRegistry
                0x00000000200000a8       0x40 build/queue.o
                0x00000000200000a8                xQueueRegistry
 .bss.pxCurrentTCB
                0x00000000200000e8        0x4 build/tasks.o
                0x00000000200000e8                pxCurrentTCB
 .bss.pxDelayedTaskList
                0x00000000200000ec        0x4 build/tasks.o
 .bss.pxOverflowDelayedTaskList
                0x00000000200000f0        0x4 build/tasks.o
 .bss.pxReadyTasksLists
                0x00000000200000f4      0x460 build/tasks.o
 .bss.uxCurrentNumberOfTasks
                0x0000000020000554        0x4 build/tasks.o
 .bss.uxDeletedTasksWaitingCleanUp
                0x0000000020000558        0x4 build/tasks.o
 .bss.uxSchedulerSuspended
                0x000000002000055c        0x4 build/tasks.o
 .bss.uxTaskNumber
                0x0000000020000560        0x4 build/tasks.o
 .bss.uxTopReadyPriority
                0x0000000020000564        0x4 build/tasks.o
 .bss.xDelayedTaskList1
                0x0000000020000568       0x14 build/tasks.o
 .bss.xDelayedTaskList2
                0x000000002000057c       0x14 build/tasks.o
 .bss.xIdleTaskHandle
                0x0000000020000590        0x4 build/tasks.o
 .bss.xNextTaskUnblockTime
                0x0000000020000594        0x4 build/tasks.o
 .bss.xNumOfOverflows
                0x0000000020000598        0x4 build/tasks.o
 .bss.xPendedTicks
                0x000000002000059c        0x4 build/tasks.o
 .bss.xPendingReadyList
                0x00000000200005a0       0x14 build/tasks.o
 .bss.xSchedulerRunning
                0x00000000200005b4        0x4 build/tasks.o
 .bss.xSuspendedTaskList
                0x00000000200005b8       0x14 build/tasks.o
 .bss.xTasksWaitingTermination
                0x00000000200005cc       0x14 build/tasks.o
 .bss.xTickCount
                0x00000000200005e0        0x4 build/tasks.o
 .bss.xYieldPending
                0x00000000200005e4        0x4 build/tasks.o
 .bss.pxCurrentTimerList
                0x00000000200005e8        0x4 build/timers.o
 .bss.pxOverflowTimerList
                0x00000000200005ec        0x4 build/timers.o
 .bss.ucStaticTimerQueueStorage.1
                0x00000000200005f0       0xa0 build/timers.o
 .bss.xActiveTimerList1
                0x0000000020000690       0x14 build/timers.o
 .bss.xActiveTimerList2
                0x00000000200006a4       0x14 build/timers.o
 .bss.xLastTime.2
                0x00000000200006b8        0x4 build/timers.o
 .bss.xStaticTimerQueue.0
                0x00000000200006bc       0x50 build/timers.o
 .bss.xTimerQueue
                0x000000002000070c        0x4 build/timers.o
 .bss.xTimerTaskHandle
                0x0000000020000710        0x4 build/timers.o
 .bss.Idle_Stack.2
                0x0000000020000714      0x200 build/cmsis_os2.o
 .bss.Idle_TCB.3
                0x0000000020000914       0x5c build/cmsis_os2.o
 .bss.KernelState
                0x0000000020000970        0x4 build/cmsis_os2.o
 .bss.Timer_Stack.0
                0x0000000020000974      0x400 build/cmsis_os2.o
 .bss.Timer_TCB.1
                0x0000000020000d74       0x5c build/cmsis_os2.o
 .bss.pxEnd     0x0000000020000dd0        0x4 build/heap_4.o
 .bss.ucHeap    0x0000000020000dd4      0xbb8 build/heap_4.o
 .bss.xBlockAllocatedBit
                0x000000002000198c        0x4 build/heap_4.o
 .bss.xFreeBytesRemaining
                0x0000000020001990        0x4 build/heap_4.o
 .bss.xMinimumEverFreeBytesRemaining
                0x0000000020001994        0x4 build/heap_4.o
 .bss.xNumberOfSuccessfulAllocations
                0x0000000020001998        0x4 build/heap_4.o
 .bss.xNumberOfSuccessfulFrees
                0x000000002000199c        0x4 build/heap_4.o
 .bss.xStart    0x00000000200019a0        0x8 build/heap_4.o
 .bss.ucMaxSysCallPriority
                0x00000000200019a8        0x1 build/port.o
 *fill*         0x00000000200019a9        0x3 
 .bss.ulMaxPRIGROUPValue
                0x00000000200019ac        0x4 build/port.o
 *(COMMON)
                0x00000000200019b0                . = ALIGN (0x4)
                0x00000000200019b0                _ebss = .
                0x00000000200019b0                __bss_end__ = _ebss

._user_heap_stack
                0x00000000200019b0      0x600 load address 0x0000000008003580
                0x00000000200019b0                . = ALIGN (0x8)
                0x00000000200019b0                PROVIDE (end = .)
                [!provide]                        PROVIDE (_end = .)
                0x0000000020001bb0                . = (. + _Min_Heap_Size)
 *fill*         0x00000000200019b0      0x200 
                0x0000000020001fb0                . = (. + _Min_Stack_Size)
 *fill*         0x0000000020001bb0      0x400 
                0x0000000020001fb0                . = ALIGN (0x8)

/DISCARD/
 libc.a(*)
 libm.a(*)
 libgcc.a(*)

.ARM.attributes
                0x0000000000000000       0x30
 *(.ARM.attributes)
 .ARM.attributes
                0x0000000000000000       0x1e /usr/share/arm-gnu-toolchain-11.3.rel1-x86_64-arm-none-eabi/bin/../lib/gcc/arm-none-eabi/11.3.1/thumb/v7e-m+fp/hard/crti.o
 .ARM.attributes
                0x000000000000001e       0x34 /usr/share/arm-gnu-toolchain-11.3.rel1-x86_64-arm-none-eabi/bin/../lib/gcc/arm-none-eabi/11.3.1/thumb/v7e-m+fp/hard/crtbegin.o
 .ARM.attributes
                0x0000000000000052       0x34 build/gpio.o
 .ARM.attributes
                0x0000000000000086       0x34 build/stm32l4xx_it.o
 .ARM.attributes
                0x00000000000000ba       0x34 build/stm32l4xx_hal_msp.o
 .ARM.attributes
                0x00000000000000ee       0x34 build/stm32l4xx_hal_tim.o
 .ARM.attributes
                0x0000000000000122       0x34 build/stm32l4xx_hal_tim_ex.o
 .ARM.attributes
                0x0000000000000156       0x34 build/stm32l4xx_hal.o
 .ARM.attributes
                0x000000000000018a       0x34 build/stm32l4xx_hal_rcc.o
 .ARM.attributes
                0x00000000000001be       0x34 build/stm32l4xx_hal_rcc_ex.o
 .ARM.attributes
                0x00000000000001f2       0x34 build/stm32l4xx_hal_gpio.o
 .ARM.attributes
                0x0000000000000226       0x34 build/stm32l4xx_hal_pwr.o
 .ARM.attributes
                0x000000000000025a       0x34 build/stm32l4xx_hal_pwr_ex.o
 .ARM.attributes
                0x000000000000028e       0x34 build/stm32l4xx_hal_cortex.o
 .ARM.attributes
                0x00000000000002c2       0x34 build/system_stm32l4xx.o
 .ARM.attributes
                0x00000000000002f6       0x34 build/can.o
 .ARM.attributes
                0x000000000000032a       0x34 build/stm32l4xx_hal_can.o
 .ARM.attributes
                0x000000000000035e       0x34 build/freertos.o
 .ARM.attributes
                0x0000000000000392       0x34 build/stm32l4xx_hal_timebase_tim.o
 .ARM.attributes
                0x00000000000003c6       0x34 build/list.o
 .ARM.attributes
                0x00000000000003fa       0x34 build/queue.o
 .ARM.attributes
                0x000000000000042e       0x34 build/tasks.o
 .ARM.attributes
                0x0000000000000462       0x34 build/timers.o
 .ARM.attributes
                0x0000000000000496       0x34 build/cmsis_os2.o
 .ARM.attributes
                0x00000000000004ca       0x34 build/heap_4.o
 .ARM.attributes
                0x00000000000004fe       0x34 build/port.o
 .ARM.attributes
                0x0000000000000532       0x34 build/main.o
 .ARM.attributes
                0x0000000000000566       0x21 build/startup_stm32l431xx.o
 .ARM.attributes
                0x0000000000000587       0x34 /usr/share/arm-gnu-toolchain-11.3.rel1-x86_64-arm-none-eabi/bin/../lib/gcc/arm-none-eabi/11.3.1/../../../../arm-none-eabi/lib/thumb/v7e-m+fp/hard/libc_nano.a(libc_a-init.o)
 .ARM.attributes
                0x00000000000005bb       0x34 /usr/share/arm-gnu-toolchain-11.3.rel1-x86_64-arm-none-eabi/bin/../lib/gcc/arm-none-eabi/11.3.1/../../../../arm-none-eabi/lib/thumb/v7e-m+fp/hard/libc_nano.a(libc_a-memcpy-stub.o)
 .ARM.attributes
                0x00000000000005ef       0x34 /usr/share/arm-gnu-toolchain-11.3.rel1-x86_64-arm-none-eabi/bin/../lib/gcc/arm-none-eabi/11.3.1/../../../../arm-none-eabi/lib/thumb/v7e-m+fp/hard/libc_nano.a(libc_a-memset.o)
 .ARM.attributes
                0x0000000000000623       0x34 /usr/share/arm-gnu-toolchain-11.3.rel1-x86_64-arm-none-eabi/bin/../lib/gcc/arm-none-eabi/11.3.1/thumb/v7e-m+fp/hard/crtend.o
 .ARM.attributes
                0x0000000000000657       0x1e /usr/share/arm-gnu-toolchain-11.3.rel1-x86_64-arm-none-eabi/bin/../lib/gcc/arm-none-eabi/11.3.1/thumb/v7e-m+fp/hard/crtn.o
OUTPUT(build/DataAcqPeripheralSOM.elf elf32-littlearm)
LOAD linker stubs
LOAD /usr/share/arm-gnu-toolchain-11.3.rel1-x86_64-arm-none-eabi/bin/../lib/gcc/arm-none-eabi/11.3.1/../../../../arm-none-eabi/lib/thumb/v7e-m+fp/hard/libc.a
LOAD /usr/share/arm-gnu-toolchain-11.3.rel1-x86_64-arm-none-eabi/bin/../lib/gcc/arm-none-eabi/11.3.1/../../../../arm-none-eabi/lib/thumb/v7e-m+fp/hard/libm.a
LOAD /usr/share/arm-gnu-toolchain-11.3.rel1-x86_64-arm-none-eabi/bin/../lib/gcc/arm-none-eabi/11.3.1/thumb/v7e-m+fp/hard/libgcc.a

.comment        0x0000000000000000       0x33
 .comment       0x0000000000000000       0x33 /usr/share/arm-gnu-toolchain-11.3.rel1-x86_64-arm-none-eabi/bin/../lib/gcc/arm-none-eabi/11.3.1/thumb/v7e-m+fp/hard/crtbegin.o
                                         0x34 (size before relaxing)
 .comment       0x0000000000000033       0x34 build/gpio.o
 .comment       0x0000000000000033       0x34 build/stm32l4xx_it.o
 .comment       0x0000000000000033       0x34 build/stm32l4xx_hal_msp.o
 .comment       0x0000000000000033       0x34 build/stm32l4xx_hal_tim.o
 .comment       0x0000000000000033       0x34 build/stm32l4xx_hal_tim_ex.o
 .comment       0x0000000000000033       0x34 build/stm32l4xx_hal.o
 .comment       0x0000000000000033       0x34 build/stm32l4xx_hal_rcc.o
 .comment       0x0000000000000033       0x34 build/stm32l4xx_hal_rcc_ex.o
 .comment       0x0000000000000033       0x34 build/stm32l4xx_hal_gpio.o
 .comment       0x0000000000000033       0x34 build/stm32l4xx_hal_pwr.o
 .comment       0x0000000000000033       0x34 build/stm32l4xx_hal_pwr_ex.o
 .comment       0x0000000000000033       0x34 build/stm32l4xx_hal_cortex.o
 .comment       0x0000000000000033       0x34 build/system_stm32l4xx.o
 .comment       0x0000000000000033       0x34 build/can.o
 .comment       0x0000000000000033       0x34 build/stm32l4xx_hal_can.o
 .comment       0x0000000000000033       0x34 build/freertos.o
 .comment       0x0000000000000033       0x34 build/stm32l4xx_hal_timebase_tim.o
 .comment       0x0000000000000033       0x34 build/list.o
 .comment       0x0000000000000033       0x34 build/queue.o
 .comment       0x0000000000000033       0x34 build/tasks.o
 .comment       0x0000000000000033       0x34 build/timers.o
 .comment       0x0000000000000033       0x34 build/cmsis_os2.o
 .comment       0x0000000000000033       0x34 build/heap_4.o
 .comment       0x0000000000000033       0x34 build/port.o
 .comment       0x0000000000000033       0x34 build/main.o
 .comment       0x0000000000000033       0x34 /usr/share/arm-gnu-toolchain-11.3.rel1-x86_64-arm-none-eabi/bin/../lib/gcc/arm-none-eabi/11.3.1/../../../../arm-none-eabi/lib/thumb/v7e-m+fp/hard/libc_nano.a(libc_a-init.o)
 .comment       0x0000000000000033       0x34 /usr/share/arm-gnu-toolchain-11.3.rel1-x86_64-arm-none-eabi/bin/../lib/gcc/arm-none-eabi/11.3.1/../../../../arm-none-eabi/lib/thumb/v7e-m+fp/hard/libc_nano.a(libc_a-memcpy-stub.o)
 .comment       0x0000000000000033       0x34 /usr/share/arm-gnu-toolchain-11.3.rel1-x86_64-arm-none-eabi/bin/../lib/gcc/arm-none-eabi/11.3.1/../../../../arm-none-eabi/lib/thumb/v7e-m+fp/hard/libc_nano.a(libc_a-memset.o)
 .comment       0x0000000000000033       0x34 /usr/share/arm-gnu-toolchain-11.3.rel1-x86_64-arm-none-eabi/bin/../lib/gcc/arm-none-eabi/11.3.1/thumb/v7e-m+fp/hard/crtend.o

.debug_info     0x0000000000000000    0x1fb13
 .debug_info    0x0000000000000000      0x699 build/gpio.o
 .debug_info    0x0000000000000699      0x7dc build/stm32l4xx_it.o
 .debug_info    0x0000000000000e75      0x57f build/stm32l4xx_hal_msp.o
 .debug_info    0x00000000000013f4     0x4220 build/stm32l4xx_hal_tim.o
 .debug_info    0x0000000000005614     0x1fb8 build/stm32l4xx_hal_tim_ex.o
 .debug_info    0x00000000000075cc      0xcb6 build/stm32l4xx_hal.o
 .debug_info    0x0000000000008282     0x1072 build/stm32l4xx_hal_rcc.o
 .debug_info    0x00000000000092f4     0x13ec build/stm32l4xx_hal_rcc_ex.o
 .debug_info    0x000000000000a6e0      0x91c build/stm32l4xx_hal_gpio.o
 .debug_info    0x000000000000affc      0xac3 build/stm32l4xx_hal_pwr.o
 .debug_info    0x000000000000babf      0xaa3 build/stm32l4xx_hal_pwr_ex.o
 .debug_info    0x000000000000c562     0x111a build/stm32l4xx_hal_cortex.o
 .debug_info    0x000000000000d67c      0x682 build/system_stm32l4xx.o
 .debug_info    0x000000000000dcfe      0xa86 build/can.o
 .debug_info    0x000000000000e784     0x13e8 build/stm32l4xx_hal_can.o
 .debug_info    0x000000000000fb6c      0x407 build/freertos.o
 .debug_info    0x000000000000ff73      0xe16 build/stm32l4xx_hal_timebase_tim.o
 .debug_info    0x0000000000010d89      0x30f build/list.o
 .debug_info    0x0000000000011098     0x2a15 build/queue.o
 .debug_info    0x0000000000013aad     0x33a0 build/tasks.o
 .debug_info    0x0000000000016e4d     0x1d07 build/timers.o
 .debug_info    0x0000000000018b54     0x5276 build/cmsis_os2.o
 .debug_info    0x000000000001ddca      0x61a build/heap_4.o
 .debug_info    0x000000000001e3e4      0x5c2 build/port.o
 .debug_info    0x000000000001e9a6      0xe3f build/main.o
 .debug_info    0x000000000001f7e5       0x22 build/startup_stm32l431xx.o
 .debug_info    0x000000000001f807      0x10b /usr/share/arm-gnu-toolchain-11.3.rel1-x86_64-arm-none-eabi/bin/../lib/gcc/arm-none-eabi/11.3.1/../../../../arm-none-eabi/lib/thumb/v7e-m+fp/hard/libc_nano.a(libc_a-init.o)
 .debug_info    0x000000000001f912      0x121 /usr/share/arm-gnu-toolchain-11.3.rel1-x86_64-arm-none-eabi/bin/../lib/gcc/arm-none-eabi/11.3.1/../../../../arm-none-eabi/lib/thumb/v7e-m+fp/hard/libc_nano.a(libc_a-memcpy-stub.o)
 .debug_info    0x000000000001fa33       0xe0 /usr/share/arm-gnu-toolchain-11.3.rel1-x86_64-arm-none-eabi/bin/../lib/gcc/arm-none-eabi/11.3.1/../../../../arm-none-eabi/lib/thumb/v7e-m+fp/hard/libc_nano.a(libc_a-memset.o)

.debug_abbrev   0x0000000000000000     0x40f3
 .debug_abbrev  0x0000000000000000      0x160 build/gpio.o
 .debug_abbrev  0x0000000000000160      0x17d build/stm32l4xx_it.o
 .debug_abbrev  0x00000000000002dd      0x110 build/stm32l4xx_hal_msp.o
 .debug_abbrev  0x00000000000003ed      0x2bd build/stm32l4xx_hal_tim.o
 .debug_abbrev  0x00000000000006aa      0x2b7 build/stm32l4xx_hal_tim_ex.o
 .debug_abbrev  0x0000000000000961      0x284 build/stm32l4xx_hal.o
 .debug_abbrev  0x0000000000000be5      0x2de build/stm32l4xx_hal_rcc.o
 .debug_abbrev  0x0000000000000ec3      0x2c2 build/stm32l4xx_hal_rcc_ex.o
 .debug_abbrev  0x0000000000001185      0x222 build/stm32l4xx_hal_gpio.o
 .debug_abbrev  0x00000000000013a7      0x1d6 build/stm32l4xx_hal_pwr.o
 .debug_abbrev  0x000000000000157d      0x233 build/stm32l4xx_hal_pwr_ex.o
 .debug_abbrev  0x00000000000017b0      0x371 build/stm32l4xx_hal_cortex.o
 .debug_abbrev  0x0000000000001b21      0x11b build/system_stm32l4xx.o
 .debug_abbrev  0x0000000000001c3c      0x1f6 build/can.o
 .debug_abbrev  0x0000000000001e32      0x2a2 build/stm32l4xx_hal_can.o
 .debug_abbrev  0x00000000000020d4      0x13b build/freertos.o
 .debug_abbrev  0x000000000000220f      0x22d build/stm32l4xx_hal_timebase_tim.o
 .debug_abbrev  0x000000000000243c      0x124 build/list.o
 .debug_abbrev  0x0000000000002560      0x431 build/queue.o
 .debug_abbrev  0x0000000000002991      0x400 build/tasks.o
 .debug_abbrev  0x0000000000002d91      0x3d4 build/timers.o
 .debug_abbrev  0x0000000000003165      0x5ca build/cmsis_os2.o
 .debug_abbrev  0x000000000000372f      0x27a build/heap_4.o
 .debug_abbrev  0x00000000000039a9      0x2af build/port.o
 .debug_abbrev  0x0000000000003c58      0x261 build/main.o
 .debug_abbrev  0x0000000000003eb9       0x12 build/startup_stm32l431xx.o
 .debug_abbrev  0x0000000000003ecb       0xc9 /usr/share/arm-gnu-toolchain-11.3.rel1-x86_64-arm-none-eabi/bin/../lib/gcc/arm-none-eabi/11.3.1/../../../../arm-none-eabi/lib/thumb/v7e-m+fp/hard/libc_nano.a(libc_a-init.o)
 .debug_abbrev  0x0000000000003f94       0xc1 /usr/share/arm-gnu-toolchain-11.3.rel1-x86_64-arm-none-eabi/bin/../lib/gcc/arm-none-eabi/11.3.1/../../../../arm-none-eabi/lib/thumb/v7e-m+fp/hard/libc_nano.a(libc_a-memcpy-stub.o)
 .debug_abbrev  0x0000000000004055       0x9e /usr/share/arm-gnu-toolchain-11.3.rel1-x86_64-arm-none-eabi/bin/../lib/gcc/arm-none-eabi/11.3.1/../../../../arm-none-eabi/lib/thumb/v7e-m+fp/hard/libc_nano.a(libc_a-memset.o)

.debug_loc      0x0000000000000000    0x19d3a
 .debug_loc     0x0000000000000000       0x39 build/gpio.o
 .debug_loc     0x0000000000000039       0x20 build/stm32l4xx_it.o
 .debug_loc     0x0000000000000059       0x38 build/stm32l4xx_hal_msp.o
 .debug_loc     0x0000000000000091     0x6020 build/stm32l4xx_hal_tim.o
 .debug_loc     0x00000000000060b1     0x2865 build/stm32l4xx_hal_tim_ex.o
 .debug_loc     0x0000000000008916      0x2af build/stm32l4xx_hal.o
 .debug_loc     0x0000000000008bc5      0x9e0 build/stm32l4xx_hal_rcc.o
 .debug_loc     0x00000000000095a5     0x18d2 build/stm32l4xx_hal_rcc_ex.o
 .debug_loc     0x000000000000ae77      0x46f build/stm32l4xx_hal_gpio.o
 .debug_loc     0x000000000000b2e6      0x1f1 build/stm32l4xx_hal_pwr.o
 .debug_loc     0x000000000000b4d7      0x76f build/stm32l4xx_hal_pwr_ex.o
 .debug_loc     0x000000000000bc46      0x831 build/stm32l4xx_hal_cortex.o
 .debug_loc     0x000000000000c477      0x127 build/system_stm32l4xx.o
 .debug_loc     0x000000000000c59e      0x108 build/can.o
 .debug_loc     0x000000000000c6a6      0xee2 build/stm32l4xx_hal_can.o
 .debug_loc     0x000000000000d588       0x65 build/freertos.o
 .debug_loc     0x000000000000d5ed       0xeb build/stm32l4xx_hal_timebase_tim.o
 .debug_loc     0x000000000000d6d8       0xe5 build/list.o
 .debug_loc     0x000000000000d7bd     0x1f67 build/queue.o
 .debug_loc     0x000000000000f724     0x2b67 build/tasks.o
 .debug_loc     0x000000000001228b     0x1579 build/timers.o
 .debug_loc     0x0000000000013804     0x5dca build/cmsis_os2.o
 .debug_loc     0x00000000000195ce      0x4e4 build/heap_4.o
 .debug_loc     0x0000000000019ab2      0x1c0 build/port.o
 .debug_loc     0x0000000000019c72       0xc8 build/main.o

.debug_aranges  0x0000000000000000     0x15e8
 .debug_aranges
                0x0000000000000000       0x20 build/gpio.o
 .debug_aranges
                0x0000000000000020       0x50 build/stm32l4xx_it.o
 .debug_aranges
                0x0000000000000070       0x20 build/stm32l4xx_hal_msp.o
 .debug_aranges
                0x0000000000000090      0x3e0 build/stm32l4xx_hal_tim.o
 .debug_aranges
                0x0000000000000470      0x180 build/stm32l4xx_hal_tim_ex.o
 .debug_aranges
                0x00000000000005f0      0x130 build/stm32l4xx_hal.o
 .debug_aranges
                0x0000000000000720       0x90 build/stm32l4xx_hal_rcc.o
 .debug_aranges
                0x00000000000007b0       0xf0 build/stm32l4xx_hal_rcc_ex.o
 .debug_aranges
                0x00000000000008a0       0x58 build/stm32l4xx_hal_gpio.o
 .debug_aranges
                0x00000000000008f8       0x98 build/stm32l4xx_hal_pwr.o
 .debug_aranges
                0x0000000000000990      0x100 build/stm32l4xx_hal_pwr_ex.o
 .debug_aranges
                0x0000000000000a90       0xa8 build/stm32l4xx_hal_cortex.o
 .debug_aranges
                0x0000000000000b38       0x28 build/system_stm32l4xx.o
 .debug_aranges
                0x0000000000000b60       0x30 build/can.o
 .debug_aranges
                0x0000000000000b90      0x138 build/stm32l4xx_hal_can.o
 .debug_aranges
                0x0000000000000cc8       0x28 build/freertos.o
 .debug_aranges
                0x0000000000000cf0       0x30 build/stm32l4xx_hal_timebase_tim.o
 .debug_aranges
                0x0000000000000d20       0x40 build/list.o
 .debug_aranges
                0x0000000000000d60      0x158 build/queue.o
 .debug_aranges
                0x0000000000000eb8      0x208 build/tasks.o
 .debug_aranges
                0x00000000000010c0       0xf0 build/timers.o
 .debug_aranges
                0x00000000000011b0      0x2a0 build/cmsis_os2.o
 .debug_aranges
                0x0000000000001450       0x58 build/heap_4.o
 .debug_aranges
                0x00000000000014a8       0x80 build/port.o
 .debug_aranges
                0x0000000000001528       0x38 build/main.o
 .debug_aranges
                0x0000000000001560       0x28 build/startup_stm32l431xx.o
 .debug_aranges
                0x0000000000001588       0x20 /usr/share/arm-gnu-toolchain-11.3.rel1-x86_64-arm-none-eabi/bin/../lib/gcc/arm-none-eabi/11.3.1/../../../../arm-none-eabi/lib/thumb/v7e-m+fp/hard/libc_nano.a(libc_a-init.o)
 .debug_aranges
                0x00000000000015a8       0x20 /usr/share/arm-gnu-toolchain-11.3.rel1-x86_64-arm-none-eabi/bin/../lib/gcc/arm-none-eabi/11.3.1/../../../../arm-none-eabi/lib/thumb/v7e-m+fp/hard/libc_nano.a(libc_a-memcpy-stub.o)
 .debug_aranges
                0x00000000000015c8       0x20 /usr/share/arm-gnu-toolchain-11.3.rel1-x86_64-arm-none-eabi/bin/../lib/gcc/arm-none-eabi/11.3.1/../../../../arm-none-eabi/lib/thumb/v7e-m+fp/hard/libc_nano.a(libc_a-memset.o)

.debug_ranges   0x0000000000000000     0x16c0
 .debug_ranges  0x0000000000000000       0x10 build/gpio.o
 .debug_ranges  0x0000000000000010       0x40 build/stm32l4xx_it.o
 .debug_ranges  0x0000000000000050       0x10 build/stm32l4xx_hal_msp.o
 .debug_ranges  0x0000000000000060      0x3d0 build/stm32l4xx_hal_tim.o
 .debug_ranges  0x0000000000000430      0x170 build/stm32l4xx_hal_tim_ex.o
 .debug_ranges  0x00000000000005a0      0x120 build/stm32l4xx_hal.o
 .debug_ranges  0x00000000000006c0       0x98 build/stm32l4xx_hal_rcc.o
 .debug_ranges  0x0000000000000758       0xf8 build/stm32l4xx_hal_rcc_ex.o
 .debug_ranges  0x0000000000000850       0x48 build/stm32l4xx_hal_gpio.o
 .debug_ranges  0x0000000000000898       0x88 build/stm32l4xx_hal_pwr.o
 .debug_ranges  0x0000000000000920       0xf0 build/stm32l4xx_hal_pwr_ex.o
 .debug_ranges  0x0000000000000a10       0xf8 build/stm32l4xx_hal_cortex.o
 .debug_ranges  0x0000000000000b08       0x18 build/system_stm32l4xx.o
 .debug_ranges  0x0000000000000b20       0x20 build/can.o
 .debug_ranges  0x0000000000000b40      0x140 build/stm32l4xx_hal_can.o
 .debug_ranges  0x0000000000000c80       0x18 build/freertos.o
 .debug_ranges  0x0000000000000c98       0x20 build/stm32l4xx_hal_timebase_tim.o
 .debug_ranges  0x0000000000000cb8       0x30 build/list.o
 .debug_ranges  0x0000000000000ce8      0x218 build/queue.o
 .debug_ranges  0x0000000000000f00      0x338 build/tasks.o
 .debug_ranges  0x0000000000001238       0xe0 build/timers.o
 .debug_ranges  0x0000000000001318      0x290 build/cmsis_os2.o
 .debug_ranges  0x00000000000015a8       0x48 build/heap_4.o
 .debug_ranges  0x00000000000015f0       0x88 build/port.o
 .debug_ranges  0x0000000000001678       0x28 build/main.o
 .debug_ranges  0x00000000000016a0       0x20 build/startup_stm32l431xx.o

.debug_line     0x0000000000000000    0x171a9
 .debug_line    0x0000000000000000      0x2e9 build/gpio.o
 .debug_line    0x00000000000002e9      0x28f build/stm32l4xx_it.o
 .debug_line    0x0000000000000578      0x1a9 build/stm32l4xx_hal_msp.o
 .debug_line    0x0000000000000721     0x4cfb build/stm32l4xx_hal_tim.o
 .debug_line    0x000000000000541c     0x1e5f build/stm32l4xx_hal_tim_ex.o
 .debug_line    0x000000000000727b      0x6a4 build/stm32l4xx_hal.o
 .debug_line    0x000000000000791f      0xf59 build/stm32l4xx_hal_rcc.o
 .debug_line    0x0000000000008878     0x1378 build/stm32l4xx_hal_rcc_ex.o
 .debug_line    0x0000000000009bf0      0x684 build/stm32l4xx_hal_gpio.o
 .debug_line    0x000000000000a274      0x426 build/stm32l4xx_hal_pwr.o
 .debug_line    0x000000000000a69a      0x86f build/stm32l4xx_hal_pwr_ex.o
 .debug_line    0x000000000000af09      0x77e build/stm32l4xx_hal_cortex.o
 .debug_line    0x000000000000b687      0x2a4 build/system_stm32l4xx.o
 .debug_line    0x000000000000b92b      0x2ea build/can.o
 .debug_line    0x000000000000bc15     0x1107 build/stm32l4xx_hal_can.o
 .debug_line    0x000000000000cd1c      0x197 build/freertos.o
 .debug_line    0x000000000000ceb3      0x2e0 build/stm32l4xx_hal_timebase_tim.o
 .debug_line    0x000000000000d193      0x36b build/list.o
 .debug_line    0x000000000000d4fe     0x1fa4 build/queue.o
 .debug_line    0x000000000000f4a2     0x2c9c build/tasks.o
 .debug_line    0x000000000001213e      0xedb build/timers.o
 .debug_line    0x0000000000013019     0x2ab0 build/cmsis_os2.o
 .debug_line    0x0000000000015ac9      0x735 build/heap_4.o
 .debug_line    0x00000000000161fe      0x6e1 build/port.o
 .debug_line    0x00000000000168df      0x3e3 build/main.o
 .debug_line    0x0000000000016cc2       0x76 build/startup_stm32l431xx.o
 .debug_line    0x0000000000016d38      0x178 /usr/share/arm-gnu-toolchain-11.3.rel1-x86_64-arm-none-eabi/bin/../lib/gcc/arm-none-eabi/11.3.1/../../../../arm-none-eabi/lib/thumb/v7e-m+fp/hard/libc_nano.a(libc_a-init.o)
 .debug_line    0x0000000000016eb0      0x18a /usr/share/arm-gnu-toolchain-11.3.rel1-x86_64-arm-none-eabi/bin/../lib/gcc/arm-none-eabi/11.3.1/../../../../arm-none-eabi/lib/thumb/v7e-m+fp/hard/libc_nano.a(libc_a-memcpy-stub.o)
 .debug_line    0x000000000001703a      0x16f /usr/share/arm-gnu-toolchain-11.3.rel1-x86_64-arm-none-eabi/bin/../lib/gcc/arm-none-eabi/11.3.1/../../../../arm-none-eabi/lib/thumb/v7e-m+fp/hard/libc_nano.a(libc_a-memset.o)

.debug_str      0x0000000000000000     0x7c97
 .debug_str     0x0000000000000000      0x370 build/gpio.o
                                        0x3c8 (size before relaxing)
 .debug_str     0x0000000000000370      0x529 build/stm32l4xx_it.o
                                        0x728 (size before relaxing)
 .debug_str     0x0000000000000899      0x43c build/stm32l4xx_hal_msp.o
                                        0x714 (size before relaxing)
 .debug_str     0x0000000000000cd5      0xfe6 build/stm32l4xx_hal_tim.o
                                       0x1705 (size before relaxing)
 .debug_str     0x0000000000001cbb      0x665 build/stm32l4xx_hal_tim_ex.o
                                       0x1019 (size before relaxing)
 .debug_str     0x0000000000002320      0x4b6 build/stm32l4xx_hal.o
                                        0xc04 (size before relaxing)
 .debug_str     0x00000000000027d6      0x445 build/stm32l4xx_hal_rcc.o
                                        0x845 (size before relaxing)
 .debug_str     0x0000000000002c1b      0x69f build/stm32l4xx_hal_rcc_ex.o
                                        0xb76 (size before relaxing)
 .debug_str     0x00000000000032ba       0xdc build/stm32l4xx_hal_gpio.o
                                        0x52a (size before relaxing)
 .debug_str     0x0000000000003396      0x292 build/stm32l4xx_hal_pwr.o
                                        0x67c (size before relaxing)
 .debug_str     0x0000000000003628      0x355 build/stm32l4xx_hal_pwr_ex.o
                                        0x71a (size before relaxing)
 .debug_str     0x000000000000397d      0x441 build/stm32l4xx_hal_cortex.o
                                        0xb29 (size before relaxing)
 .debug_str     0x0000000000003dbe       0x3d build/system_stm32l4xx.o
                                        0x3c8 (size before relaxing)
 .debug_str     0x0000000000003dfb      0x272 build/can.o
                                        0x665 (size before relaxing)
 .debug_str     0x000000000000406d      0x561 build/stm32l4xx_hal_can.o
                                        0xa29 (size before relaxing)
 .debug_str     0x00000000000045ce      0x55d build/freertos.o
                                        0x6e6 (size before relaxing)
 .debug_str     0x0000000000004b2b       0x4c build/stm32l4xx_hal_timebase_tim.o
                                        0xd85 (size before relaxing)
 .debug_str     0x0000000000004b77      0x14d build/list.o
                                        0x2ee (size before relaxing)
 .debug_str     0x0000000000004cc4      0xa22 build/queue.o
                                        0xd04 (size before relaxing)
 .debug_str     0x00000000000056e6      0xc95 build/tasks.o
                                       0x12d3 (size before relaxing)
 .debug_str     0x000000000000637b      0x5cf build/timers.o
                                        0xc34 (size before relaxing)
 .debug_str     0x000000000000694a      0xc1e build/cmsis_os2.o
                                       0x20bf (size before relaxing)
 .debug_str     0x0000000000007568      0x2bf build/heap_4.o
                                        0x507 (size before relaxing)
 .debug_str     0x0000000000007827      0x17d build/port.o
                                        0x46e (size before relaxing)
 .debug_str     0x00000000000079a4       0x39 build/main.o
                                        0xb19 (size before relaxing)
 .debug_str     0x00000000000079dd       0x22 build/startup_stm32l431xx.o
                                         0x5e (size before relaxing)
 .debug_str     0x00000000000079ff      0x1c4 /usr/share/arm-gnu-toolchain-11.3.rel1-x86_64-arm-none-eabi/bin/../lib/gcc/arm-none-eabi/11.3.1/../../../../arm-none-eabi/lib/thumb/v7e-m+fp/hard/libc_nano.a(libc_a-init.o)
                                        0x266 (size before relaxing)
 .debug_str     0x0000000000007bc3       0x79 /usr/share/arm-gnu-toolchain-11.3.rel1-x86_64-arm-none-eabi/bin/../lib/gcc/arm-none-eabi/11.3.1/../../../../arm-none-eabi/lib/thumb/v7e-m+fp/hard/libc_nano.a(libc_a-memcpy-stub.o)
                                        0x223 (size before relaxing)
 .debug_str     0x0000000000007c3c       0x5b /usr/share/arm-gnu-toolchain-11.3.rel1-x86_64-arm-none-eabi/bin/../lib/gcc/arm-none-eabi/11.3.1/../../../../arm-none-eabi/lib/thumb/v7e-m+fp/hard/libc_nano.a(libc_a-memset.o)
                                        0x205 (size before relaxing)

.debug_frame    0x0000000000000000     0x3a70
 .debug_frame   0x0000000000000000       0x3c build/gpio.o
 .debug_frame   0x000000000000003c       0x88 build/stm32l4xx_it.o
 .debug_frame   0x00000000000000c4       0x2c build/stm32l4xx_hal_msp.o
 .debug_frame   0x00000000000000f0      0xb50 build/stm32l4xx_hal_tim.o
 .debug_frame   0x0000000000000c40      0x474 build/stm32l4xx_hal_tim_ex.o
 .debug_frame   0x00000000000010b4      0x274 build/stm32l4xx_hal.o
 .debug_frame   0x0000000000001328      0x19c build/stm32l4xx_hal_rcc.o
 .debug_frame   0x00000000000014c4      0x25c build/stm32l4xx_hal_rcc_ex.o
 .debug_frame   0x0000000000001720       0xd0 build/stm32l4xx_hal_gpio.o
 .debug_frame   0x00000000000017f0      0x120 build/stm32l4xx_hal_pwr.o
 .debug_frame   0x0000000000001910      0x1f8 build/stm32l4xx_hal_pwr_ex.o
 .debug_frame   0x0000000000001b08      0x148 build/stm32l4xx_hal_cortex.o
 .debug_frame   0x0000000000001c50       0x30 build/system_stm32l4xx.o
 .debug_frame   0x0000000000001c80       0x60 build/can.o
 .debug_frame   0x0000000000001ce0      0x2dc build/stm32l4xx_hal_can.o
 .debug_frame   0x0000000000001fbc       0x40 build/freertos.o
 .debug_frame   0x0000000000001ffc       0x54 build/stm32l4xx_hal_timebase_tim.o
 .debug_frame   0x0000000000002050       0x70 build/list.o
 .debug_frame   0x00000000000020c0      0x458 build/queue.o
 .debug_frame   0x0000000000002518      0x688 build/tasks.o
 .debug_frame   0x0000000000002ba0      0x30c build/timers.o
 .debug_frame   0x0000000000002eac      0x900 build/cmsis_os2.o
 .debug_frame   0x00000000000037ac       0xd0 build/heap_4.o
 .debug_frame   0x000000000000387c      0x110 build/port.o
 .debug_frame   0x000000000000398c       0x70 build/main.o
 .debug_frame   0x00000000000039fc       0x2c /usr/share/arm-gnu-toolchain-11.3.rel1-x86_64-arm-none-eabi/bin/../lib/gcc/arm-none-eabi/11.3.1/../../../../arm-none-eabi/lib/thumb/v7e-m+fp/hard/libc_nano.a(libc_a-init.o)
 .debug_frame   0x0000000000003a28       0x28 /usr/share/arm-gnu-toolchain-11.3.rel1-x86_64-arm-none-eabi/bin/../lib/gcc/arm-none-eabi/11.3.1/../../../../arm-none-eabi/lib/thumb/v7e-m+fp/hard/libc_nano.a(libc_a-memcpy-stub.o)
 .debug_frame   0x0000000000003a50       0x20 /usr/share/arm-gnu-toolchain-11.3.rel1-x86_64-arm-none-eabi/bin/../lib/gcc/arm-none-eabi/11.3.1/../../../../arm-none-eabi/lib/thumb/v7e-m+fp/hard/libc_nano.a(libc_a-memset.o)

.debug_loclists
                0x0000000000000000      0x11a
 .debug_loclists
                0x0000000000000000       0x44 /usr/share/arm-gnu-toolchain-11.3.rel1-x86_64-arm-none-eabi/bin/../lib/gcc/arm-none-eabi/11.3.1/../../../../arm-none-eabi/lib/thumb/v7e-m+fp/hard/libc_nano.a(libc_a-init.o)
 .debug_loclists
                0x0000000000000044       0x8f /usr/share/arm-gnu-toolchain-11.3.rel1-x86_64-arm-none-eabi/bin/../lib/gcc/arm-none-eabi/11.3.1/../../../../arm-none-eabi/lib/thumb/v7e-m+fp/hard/libc_nano.a(libc_a-memcpy-stub.o)
 .debug_loclists
                0x00000000000000d3       0x47 /usr/share/arm-gnu-toolchain-11.3.rel1-x86_64-arm-none-eabi/bin/../lib/gcc/arm-none-eabi/11.3.1/../../../../arm-none-eabi/lib/thumb/v7e-m+fp/hard/libc_nano.a(libc_a-memset.o)

.debug_rnglists
                0x0000000000000000       0x39
 .debug_rnglists
                0x0000000000000000       0x13 /usr/share/arm-gnu-toolchain-11.3.rel1-x86_64-arm-none-eabi/bin/../lib/gcc/arm-none-eabi/11.3.1/../../../../arm-none-eabi/lib/thumb/v7e-m+fp/hard/libc_nano.a(libc_a-init.o)
 .debug_rnglists
                0x0000000000000013       0x13 /usr/share/arm-gnu-toolchain-11.3.rel1-x86_64-arm-none-eabi/bin/../lib/gcc/arm-none-eabi/11.3.1/../../../../arm-none-eabi/lib/thumb/v7e-m+fp/hard/libc_nano.a(libc_a-memcpy-stub.o)
 .debug_rnglists
                0x0000000000000026       0x13 /usr/share/arm-gnu-toolchain-11.3.rel1-x86_64-arm-none-eabi/bin/../lib/gcc/arm-none-eabi/11.3.1/../../../../arm-none-eabi/lib/thumb/v7e-m+fp/hard/libc_nano.a(libc_a-memset.o)

Cross Reference Table

Symbol                                            File
ADC1_IRQHandler                                   build/startup_stm32l431xx.o
AHBPrescTable                                     build/system_stm32l4xx.o
                                                  build/stm32l4xx_hal_rcc.o
APBPrescTable                                     build/system_stm32l4xx.o
                                                  build/stm32l4xx_hal_rcc.o
BusFault_Handler                                  build/stm32l4xx_it.o
CAN1_RX0_IRQHandler                               build/startup_stm32l431xx.o
CAN1_RX1_IRQHandler                               build/startup_stm32l431xx.o
CAN1_SCE_IRQHandler                               build/startup_stm32l431xx.o
CAN1_TX_IRQHandler                                build/startup_stm32l431xx.o
COMP_IRQHandler                                   build/startup_stm32l431xx.o
CRS_IRQHandler                                    build/startup_stm32l431xx.o
DMA1_Channel1_IRQHandler                          build/startup_stm32l431xx.o
DMA1_Channel2_IRQHandler                          build/startup_stm32l431xx.o
DMA1_Channel3_IRQHandler                          build/startup_stm32l431xx.o
DMA1_Channel4_IRQHandler                          build/startup_stm32l431xx.o
DMA1_Channel5_IRQHandler                          build/startup_stm32l431xx.o
DMA1_Channel6_IRQHandler                          build/startup_stm32l431xx.o
DMA1_Channel7_IRQHandler                          build/startup_stm32l431xx.o
DMA2_Channel1_IRQHandler                          build/startup_stm32l431xx.o
DMA2_Channel2_IRQHandler                          build/startup_stm32l431xx.o
DMA2_Channel3_IRQHandler                          build/startup_stm32l431xx.o
DMA2_Channel4_IRQHandler                          build/startup_stm32l431xx.o
DMA2_Channel5_IRQHandler                          build/startup_stm32l431xx.o
DMA2_Channel6_IRQHandler                          build/startup_stm32l431xx.o
DMA2_Channel7_IRQHandler                          build/startup_stm32l431xx.o
DebugMon_Handler                                  build/stm32l4xx_it.o
Default_Handler                                   build/startup_stm32l431xx.o
EXTI0_IRQHandler                                  build/startup_stm32l431xx.o
EXTI15_10_IRQHandler                              build/startup_stm32l431xx.o
EXTI1_IRQHandler                                  build/startup_stm32l431xx.o
EXTI2_IRQHandler                                  build/startup_stm32l431xx.o
EXTI3_IRQHandler                                  build/startup_stm32l431xx.o
EXTI4_IRQHandler                                  build/startup_stm32l431xx.o
EXTI9_5_IRQHandler                                build/startup_stm32l431xx.o
Error_Handler                                     build/main.o
                                                  build/can.o
FLASH_FlushCaches                                 build/stm32l4xx_hal_flash_ex.o
                                                  build/stm32l4xx_hal_flash.o
FLASH_IRQHandler                                  build/startup_stm32l431xx.o
FLASH_PageErase                                   build/stm32l4xx_hal_flash_ex.o
                                                  build/stm32l4xx_hal_flash.o
FLASH_WaitForLastOperation                        build/stm32l4xx_hal_flash.o
                                                  build/stm32l4xx_hal_flash_ex.o
FPU_IRQHandler                                    build/startup_stm32l431xx.o
HAL_CAN_AbortTxRequest                            build/stm32l4xx_hal_can.o
HAL_CAN_ActivateNotification                      build/stm32l4xx_hal_can.o
HAL_CAN_AddTxMessage                              build/stm32l4xx_hal_can.o
HAL_CAN_ConfigFilter                              build/stm32l4xx_hal_can.o
HAL_CAN_DeInit                                    build/stm32l4xx_hal_can.o
HAL_CAN_DeactivateNotification                    build/stm32l4xx_hal_can.o
HAL_CAN_ErrorCallback                             build/stm32l4xx_hal_can.o
HAL_CAN_GetError                                  build/stm32l4xx_hal_can.o
HAL_CAN_GetRxFifoFillLevel                        build/stm32l4xx_hal_can.o
HAL_CAN_GetRxMessage                              build/stm32l4xx_hal_can.o
HAL_CAN_GetState                                  build/stm32l4xx_hal_can.o
HAL_CAN_GetTxMailboxesFreeLevel                   build/stm32l4xx_hal_can.o
HAL_CAN_GetTxTimestamp                            build/stm32l4xx_hal_can.o
HAL_CAN_IRQHandler                                build/stm32l4xx_hal_can.o
HAL_CAN_Init                                      build/stm32l4xx_hal_can.o
                                                  build/can.o
HAL_CAN_IsSleepActive                             build/stm32l4xx_hal_can.o
HAL_CAN_IsTxMessagePending                        build/stm32l4xx_hal_can.o
HAL_CAN_MspDeInit                                 build/can.o
HAL_CAN_MspInit                                   build/can.o
HAL_CAN_RequestSleep                              build/stm32l4xx_hal_can.o
HAL_CAN_ResetError                                build/stm32l4xx_hal_can.o
HAL_CAN_RxFifo0FullCallback                       build/stm32l4xx_hal_can.o
HAL_CAN_RxFifo0MsgPendingCallback                 build/stm32l4xx_hal_can.o
HAL_CAN_RxFifo1FullCallback                       build/stm32l4xx_hal_can.o
HAL_CAN_RxFifo1MsgPendingCallback                 build/stm32l4xx_hal_can.o
HAL_CAN_SleepCallback                             build/stm32l4xx_hal_can.o
HAL_CAN_Start                                     build/stm32l4xx_hal_can.o
HAL_CAN_Stop                                      build/stm32l4xx_hal_can.o
HAL_CAN_TxMailbox0AbortCallback                   build/stm32l4xx_hal_can.o
HAL_CAN_TxMailbox0CompleteCallback                build/stm32l4xx_hal_can.o
HAL_CAN_TxMailbox1AbortCallback                   build/stm32l4xx_hal_can.o
HAL_CAN_TxMailbox1CompleteCallback                build/stm32l4xx_hal_can.o
HAL_CAN_TxMailbox2AbortCallback                   build/stm32l4xx_hal_can.o
HAL_CAN_TxMailbox2CompleteCallback                build/stm32l4xx_hal_can.o
HAL_CAN_WakeUp                                    build/stm32l4xx_hal_can.o
HAL_CAN_WakeUpFromRxMsgCallback                   build/stm32l4xx_hal_can.o
HAL_DBGMCU_DisableDBGSleepMode                    build/stm32l4xx_hal.o
HAL_DBGMCU_DisableDBGStandbyMode                  build/stm32l4xx_hal.o
HAL_DBGMCU_DisableDBGStopMode                     build/stm32l4xx_hal.o
HAL_DBGMCU_EnableDBGSleepMode                     build/stm32l4xx_hal.o
HAL_DBGMCU_EnableDBGStandbyMode                   build/stm32l4xx_hal.o
HAL_DBGMCU_EnableDBGStopMode                      build/stm32l4xx_hal.o
HAL_DMA_Abort                                     build/stm32l4xx_hal_dma.o
                                                  build/stm32l4xx_hal_spi.o
                                                  build/stm32l4xx_hal_uart.o
                                                  build/stm32l4xx_hal_usart.o
HAL_DMA_Abort_IT                                  build/stm32l4xx_hal_dma.o
                                                  build/stm32l4xx_hal_spi.o
                                                  build/stm32l4xx_hal_uart.o
                                                  build/stm32l4xx_hal_usart.o
                                                  build/stm32l4xx_hal_tim_ex.o
                                                  build/stm32l4xx_hal_tim.o
HAL_DMA_DeInit                                    build/stm32l4xx_hal_dma.o
HAL_DMA_GetError                                  build/stm32l4xx_hal_dma.o
                                                  build/stm32l4xx_hal_uart.o
                                                  build/stm32l4xx_hal_usart.o
HAL_DMA_GetState                                  build/stm32l4xx_hal_dma.o
HAL_DMA_IRQHandler                                build/stm32l4xx_hal_dma.o
HAL_DMA_Init                                      build/stm32l4xx_hal_dma.o
HAL_DMA_PollForTransfer                           build/stm32l4xx_hal_dma.o
HAL_DMA_RegisterCallback                          build/stm32l4xx_hal_dma.o
HAL_DMA_Start                                     build/stm32l4xx_hal_dma.o
HAL_DMA_Start_IT                                  build/stm32l4xx_hal_dma.o
                                                  build/stm32l4xx_hal_spi.o
                                                  build/stm32l4xx_hal_uart.o
                                                  build/stm32l4xx_hal_usart.o
                                                  build/stm32l4xx_hal_tim_ex.o
                                                  build/stm32l4xx_hal_tim.o
HAL_DMA_UnRegisterCallback                        build/stm32l4xx_hal_dma.o
HAL_DeInit                                        build/stm32l4xx_hal.o
HAL_Delay                                         build/stm32l4xx_hal.o
HAL_EXTI_ClearConfigLine                          build/stm32l4xx_hal_exti.o
HAL_EXTI_ClearPending                             build/stm32l4xx_hal_exti.o
HAL_EXTI_GenerateSWI                              build/stm32l4xx_hal_exti.o
HAL_EXTI_GetConfigLine                            build/stm32l4xx_hal_exti.o
HAL_EXTI_GetHandle                                build/stm32l4xx_hal_exti.o
HAL_EXTI_GetPending                               build/stm32l4xx_hal_exti.o
HAL_EXTI_IRQHandler                               build/stm32l4xx_hal_exti.o
HAL_EXTI_RegisterCallback                         build/stm32l4xx_hal_exti.o
HAL_EXTI_SetConfigLine                            build/stm32l4xx_hal_exti.o
HAL_FLASHEx_DisableRunPowerDown                   build/stm32l4xx_hal_flash_ramfunc.o
HAL_FLASHEx_EnableRunPowerDown                    build/stm32l4xx_hal_flash_ramfunc.o
HAL_FLASHEx_Erase                                 build/stm32l4xx_hal_flash_ex.o
HAL_FLASHEx_Erase_IT                              build/stm32l4xx_hal_flash_ex.o
HAL_FLASHEx_OBGetConfig                           build/stm32l4xx_hal_flash_ex.o
HAL_FLASHEx_OBProgram                             build/stm32l4xx_hal_flash_ex.o
HAL_FLASH_EndOfOperationCallback                  build/stm32l4xx_hal_flash.o
HAL_FLASH_GetError                                build/stm32l4xx_hal_flash.o
HAL_FLASH_IRQHandler                              build/stm32l4xx_hal_flash.o
HAL_FLASH_Lock                                    build/stm32l4xx_hal_flash.o
HAL_FLASH_OB_Launch                               build/stm32l4xx_hal_flash.o
HAL_FLASH_OB_Lock                                 build/stm32l4xx_hal_flash.o
HAL_FLASH_OB_Unlock                               build/stm32l4xx_hal_flash.o
HAL_FLASH_OperationErrorCallback                  build/stm32l4xx_hal_flash.o
HAL_FLASH_Program                                 build/stm32l4xx_hal_flash.o
HAL_FLASH_Program_IT                              build/stm32l4xx_hal_flash.o
HAL_FLASH_Unlock                                  build/stm32l4xx_hal_flash.o
HAL_GPIO_DeInit                                   build/stm32l4xx_hal_gpio.o
                                                  build/can.o
HAL_GPIO_EXTI_Callback                            build/stm32l4xx_hal_gpio.o
HAL_GPIO_EXTI_IRQHandler                          build/stm32l4xx_hal_gpio.o
HAL_GPIO_Init                                     build/stm32l4xx_hal_gpio.o
                                                  build/can.o
                                                  build/stm32l4xx_hal_rcc_ex.o
                                                  build/stm32l4xx_hal_rcc.o
                                                  build/gpio.o
HAL_GPIO_LockPin                                  build/stm32l4xx_hal_gpio.o
HAL_GPIO_ReadPin                                  build/stm32l4xx_hal_gpio.o
HAL_GPIO_TogglePin                                build/stm32l4xx_hal_gpio.o
HAL_GPIO_WritePin                                 build/stm32l4xx_hal_gpio.o
                                                  build/gpio.o
HAL_GetDEVID                                      build/stm32l4xx_hal.o
HAL_GetHalVersion                                 build/stm32l4xx_hal.o
HAL_GetREVID                                      build/stm32l4xx_hal.o
HAL_GetTick                                       build/stm32l4xx_hal.o
                                                  build/stm32l4xx_hal_can.o
                                                  build/stm32l4xx_hal_spi.o
                                                  build/stm32l4xx_hal_uart.o
                                                  build/stm32l4xx_hal_usart.o
                                                  build/stm32l4xx_hal_dma.o
                                                  build/stm32l4xx_hal_flash.o
                                                  build/stm32l4xx_hal_rcc_ex.o
                                                  build/stm32l4xx_hal_rcc.o
HAL_GetTickFreq                                   build/stm32l4xx_hal.o
HAL_GetTickPrio                                   build/stm32l4xx_hal.o
HAL_GetUIDw0                                      build/stm32l4xx_hal.o
HAL_GetUIDw1                                      build/stm32l4xx_hal.o
HAL_GetUIDw2                                      build/stm32l4xx_hal.o
HAL_HalfDuplex_EnableReceiver                     build/stm32l4xx_hal_uart.o
HAL_HalfDuplex_EnableTransmitter                  build/stm32l4xx_hal_uart.o
HAL_HalfDuplex_Init                               build/stm32l4xx_hal_uart.o
HAL_IncTick                                       build/stm32l4xx_hal.o
                                                  build/main.o
HAL_Init                                          build/stm32l4xx_hal.o
                                                  build/main.o
HAL_InitTick                                      build/stm32l4xx_hal_timebase_tim.o
                                                  build/stm32l4xx_hal.o
                                                  build/stm32l4xx_hal_rcc.o
HAL_LIN_Init                                      build/stm32l4xx_hal_uart.o
HAL_LIN_SendBreak                                 build/stm32l4xx_hal_uart.o
HAL_MPU_ConfigRegion                              build/stm32l4xx_hal_cortex.o
HAL_MPU_Disable                                   build/stm32l4xx_hal_cortex.o
HAL_MPU_Enable                                    build/stm32l4xx_hal_cortex.o
HAL_MspDeInit                                     build/stm32l4xx_hal.o
HAL_MspInit                                       build/stm32l4xx_hal_msp.o
HAL_MultiProcessor_DisableMuteMode                build/stm32l4xx_hal_uart.o
HAL_MultiProcessor_EnableMuteMode                 build/stm32l4xx_hal_uart.o
HAL_MultiProcessor_EnterMuteMode                  build/stm32l4xx_hal_uart.o
HAL_MultiProcessor_Init                           build/stm32l4xx_hal_uart.o
HAL_NVIC_ClearPendingIRQ                          build/stm32l4xx_hal_cortex.o
HAL_NVIC_DisableIRQ                               build/stm32l4xx_hal_cortex.o
HAL_NVIC_EnableIRQ                                build/stm32l4xx_hal_cortex.o
                                                  build/stm32l4xx_hal_timebase_tim.o
HAL_NVIC_GetActive                                build/stm32l4xx_hal_cortex.o
HAL_NVIC_GetPendingIRQ                            build/stm32l4xx_hal_cortex.o
HAL_NVIC_GetPriority                              build/stm32l4xx_hal_cortex.o
HAL_NVIC_GetPriorityGrouping                      build/stm32l4xx_hal_cortex.o
HAL_NVIC_SetPendingIRQ                            build/stm32l4xx_hal_cortex.o
HAL_NVIC_SetPriority                              build/stm32l4xx_hal_cortex.o
                                                  build/stm32l4xx_hal_timebase_tim.o
                                                  build/stm32l4xx_hal.o
                                                  build/stm32l4xx_hal_msp.o
HAL_NVIC_SetPriorityGrouping                      build/stm32l4xx_hal_cortex.o
                                                  build/stm32l4xx_hal.o
HAL_NVIC_SystemReset                              build/stm32l4xx_hal_cortex.o
HAL_PWREx_ConfigPVM                               build/stm32l4xx_hal_pwr_ex.o
HAL_PWREx_ControlVoltageScaling                   build/stm32l4xx_hal_pwr_ex.o
                                                  build/main.o
HAL_PWREx_DisableBatteryCharging                  build/stm32l4xx_hal_pwr_ex.o
HAL_PWREx_DisableGPIOPullDown                     build/stm32l4xx_hal_pwr_ex.o
HAL_PWREx_DisableGPIOPullUp                       build/stm32l4xx_hal_pwr_ex.o
HAL_PWREx_DisableInternalWakeUpLine               build/stm32l4xx_hal_pwr_ex.o
HAL_PWREx_DisableLowPowerRunMode                  build/stm32l4xx_hal_pwr_ex.o
                                                  build/stm32l4xx_hal_pwr.o
HAL_PWREx_DisablePVM3                             build/stm32l4xx_hal_pwr_ex.o
HAL_PWREx_DisablePVM4                             build/stm32l4xx_hal_pwr_ex.o
HAL_PWREx_DisablePullUpPullDownConfig             build/stm32l4xx_hal_pwr_ex.o
HAL_PWREx_DisableSRAM2ContentRetention            build/stm32l4xx_hal_pwr_ex.o
HAL_PWREx_EnableBatteryCharging                   build/stm32l4xx_hal_pwr_ex.o
HAL_PWREx_EnableGPIOPullDown                      build/stm32l4xx_hal_pwr_ex.o
HAL_PWREx_EnableGPIOPullUp                        build/stm32l4xx_hal_pwr_ex.o
HAL_PWREx_EnableInternalWakeUpLine                build/stm32l4xx_hal_pwr_ex.o
HAL_PWREx_EnableLowPowerRunMode                   build/stm32l4xx_hal_pwr_ex.o
                                                  build/stm32l4xx_hal_pwr.o
HAL_PWREx_EnablePVM3                              build/stm32l4xx_hal_pwr_ex.o
HAL_PWREx_EnablePVM4                              build/stm32l4xx_hal_pwr_ex.o
HAL_PWREx_EnablePullUpPullDownConfig              build/stm32l4xx_hal_pwr_ex.o
HAL_PWREx_EnableSRAM2ContentRetention             build/stm32l4xx_hal_pwr_ex.o
HAL_PWREx_EnterSHUTDOWNMode                       build/stm32l4xx_hal_pwr_ex.o
HAL_PWREx_EnterSTOP0Mode                          build/stm32l4xx_hal_pwr_ex.o
                                                  build/stm32l4xx_hal_pwr.o
HAL_PWREx_EnterSTOP1Mode                          build/stm32l4xx_hal_pwr_ex.o
                                                  build/stm32l4xx_hal_pwr.o
HAL_PWREx_EnterSTOP2Mode                          build/stm32l4xx_hal_pwr_ex.o
HAL_PWREx_GetVoltageRange                         build/stm32l4xx_hal_pwr_ex.o
                                                  build/stm32l4xx_hal_rcc.o
HAL_PWREx_PVD_PVM_IRQHandler                      build/stm32l4xx_hal_pwr_ex.o
HAL_PWREx_PVM3Callback                            build/stm32l4xx_hal_pwr_ex.o
HAL_PWREx_PVM4Callback                            build/stm32l4xx_hal_pwr_ex.o
HAL_PWREx_SetSRAM2ContentRetention                build/stm32l4xx_hal_pwr_ex.o
HAL_PWR_ConfigPVD                                 build/stm32l4xx_hal_pwr.o
HAL_PWR_DeInit                                    build/stm32l4xx_hal_pwr.o
HAL_PWR_DisableBkUpAccess                         build/stm32l4xx_hal_pwr.o
                                                  build/stm32l4xx_hal_rcc_ex.o
HAL_PWR_DisablePVD                                build/stm32l4xx_hal_pwr.o
HAL_PWR_DisableSEVOnPend                          build/stm32l4xx_hal_pwr.o
HAL_PWR_DisableSleepOnExit                        build/stm32l4xx_hal_pwr.o
HAL_PWR_DisableWakeUpPin                          build/stm32l4xx_hal_pwr.o
HAL_PWR_EnableBkUpAccess                          build/stm32l4xx_hal_pwr.o
                                                  build/main.o
                                                  build/stm32l4xx_hal_rcc_ex.o
HAL_PWR_EnablePVD                                 build/stm32l4xx_hal_pwr.o
HAL_PWR_EnableSEVOnPend                           build/stm32l4xx_hal_pwr.o
HAL_PWR_EnableSleepOnExit                         build/stm32l4xx_hal_pwr.o
HAL_PWR_EnableWakeUpPin                           build/stm32l4xx_hal_pwr.o
HAL_PWR_EnterSLEEPMode                            build/stm32l4xx_hal_pwr.o
HAL_PWR_EnterSTANDBYMode                          build/stm32l4xx_hal_pwr.o
HAL_PWR_EnterSTOPMode                             build/stm32l4xx_hal_pwr.o
HAL_PWR_PVDCallback                               build/stm32l4xx_hal_pwr.o
                                                  build/stm32l4xx_hal_pwr_ex.o
HAL_RCCEx_CRSConfig                               build/stm32l4xx_hal_rcc_ex.o
HAL_RCCEx_CRSGetSynchronizationInfo               build/stm32l4xx_hal_rcc_ex.o
HAL_RCCEx_CRSSoftwareSynchronizationGenerate      build/stm32l4xx_hal_rcc_ex.o
HAL_RCCEx_CRSWaitSynchronization                  build/stm32l4xx_hal_rcc_ex.o
HAL_RCCEx_CRS_ErrorCallback                       build/stm32l4xx_hal_rcc_ex.o
HAL_RCCEx_CRS_ExpectedSyncCallback                build/stm32l4xx_hal_rcc_ex.o
HAL_RCCEx_CRS_IRQHandler                          build/stm32l4xx_hal_rcc_ex.o
HAL_RCCEx_CRS_SyncOkCallback                      build/stm32l4xx_hal_rcc_ex.o
HAL_RCCEx_CRS_SyncWarnCallback                    build/stm32l4xx_hal_rcc_ex.o
HAL_RCCEx_DisableLSCO                             build/stm32l4xx_hal_rcc_ex.o
HAL_RCCEx_DisableLSECSS                           build/stm32l4xx_hal_rcc_ex.o
HAL_RCCEx_DisableMSIPLLMode                       build/stm32l4xx_hal_rcc_ex.o
HAL_RCCEx_DisablePLLSAI1                          build/stm32l4xx_hal_rcc_ex.o
HAL_RCCEx_EnableLSCO                              build/stm32l4xx_hal_rcc_ex.o
HAL_RCCEx_EnableLSECSS                            build/stm32l4xx_hal_rcc_ex.o
HAL_RCCEx_EnableLSECSS_IT                         build/stm32l4xx_hal_rcc_ex.o
HAL_RCCEx_EnableMSIPLLMode                        build/stm32l4xx_hal_rcc_ex.o
                                                  build/main.o
HAL_RCCEx_EnablePLLSAI1                           build/stm32l4xx_hal_rcc_ex.o
HAL_RCCEx_GetPeriphCLKConfig                      build/stm32l4xx_hal_rcc_ex.o
HAL_RCCEx_GetPeriphCLKFreq                        build/stm32l4xx_hal_rcc_ex.o
HAL_RCCEx_LSECSS_Callback                         build/stm32l4xx_hal_rcc_ex.o
HAL_RCCEx_LSECSS_IRQHandler                       build/stm32l4xx_hal_rcc_ex.o
HAL_RCCEx_PeriphCLKConfig                         build/stm32l4xx_hal_rcc_ex.o
HAL_RCCEx_StandbyMSIRangeConfig                   build/stm32l4xx_hal_rcc_ex.o
HAL_RCCEx_WakeUpStopCLKConfig                     build/stm32l4xx_hal_rcc_ex.o
HAL_RCC_CSSCallback                               build/stm32l4xx_hal_rcc.o
HAL_RCC_ClockConfig                               build/stm32l4xx_hal_rcc.o
                                                  build/main.o
HAL_RCC_DeInit                                    build/stm32l4xx_hal_rcc.o
HAL_RCC_EnableCSS                                 build/stm32l4xx_hal_rcc.o
HAL_RCC_GetClockConfig                            build/stm32l4xx_hal_rcc.o
                                                  build/stm32l4xx_hal_timebase_tim.o